Archive member included to satisfy reference by file (symbol)

C:/Users/Dell/ide-8.0-workspace/hw.x86_64/src/hardware/startup/boards/../../../../install/x86_64/usr/lib\libstartup.a(_main.o)
                              main.o (shdr)
C:/Users/Dell/ide-8.0-workspace/hw.x86_64/src/hardware/startup/boards/../../../../install/x86_64/usr/lib\libstartup.a(board_init.o)
                              C:/Users/Dell/ide-8.0-workspace/hw.x86_64/src/hardware/startup/boards/../../../../install/x86_64/usr/lib\libstartup.a(_main.o) (board_init)
C:/Users/Dell/ide-8.0-workspace/hw.x86_64/src/hardware/startup/boards/../../../../install/x86_64/usr/lib\libstartup.a(callout_debug_8250.o)
                              main.o (display_char_8250)
C:/Users/Dell/ide-8.0-workspace/hw.x86_64/src/hardware/startup/boards/../../../../install/x86_64/usr/lib\libstartup.a(callout_debug_con.o)
                              main.o (display_char_vga)
C:/Users/Dell/ide-8.0-workspace/hw.x86_64/src/hardware/startup/boards/../../../../install/x86_64/usr/lib\libstartup.a(callout_debug_dummy.o)
                              main.o (display_char_dummy)
C:/Users/Dell/ide-8.0-workspace/hw.x86_64/src/hardware/startup/boards/../../../../install/x86_64/usr/lib\libstartup.a(common_options.o)
                              main.o (handle_common_option)
C:/Users/Dell/ide-8.0-workspace/hw.x86_64/src/hardware/startup/boards/../../../../install/x86_64/usr/lib\libstartup.a(cpu_cluster_add.o)
                              C:/Users/Dell/ide-8.0-workspace/hw.x86_64/src/hardware/startup/boards/../../../../install/x86_64/usr/lib\libstartup.a(common_options.o) (cpu_cluster_add)
C:/Users/Dell/ide-8.0-workspace/hw.x86_64/src/hardware/startup/boards/../../../../install/x86_64/usr/lib\libstartup.a(cpu_common_options.o)
                              C:/Users/Dell/ide-8.0-workspace/hw.x86_64/src/hardware/startup/boards/../../../../install/x86_64/usr/lib\libstartup.a(common_options.o) (cpu_handle_common_option)
C:/Users/Dell/ide-8.0-workspace/hw.x86_64/src/hardware/startup/boards/../../../../install/x86_64/usr/lib\libstartup.a(cpu_startup.o)
                              C:/Users/Dell/ide-8.0-workspace/hw.x86_64/src/hardware/startup/boards/../../../../install/x86_64/usr/lib\libstartup.a(_main.o) (cpu_startup)
C:/Users/Dell/ide-8.0-workspace/hw.x86_64/src/hardware/startup/boards/../../../../install/x86_64/usr/lib\libstartup.a(cstart64.o)
                              C:/Users/Dell/ide-8.0-workspace/hw.x86_64/src/hardware/startup/boards/../../../../install/x86_64/usr/lib\libstartup.a(_main.o) (stack_addr_lo)
C:/Users/Dell/ide-8.0-workspace/hw.x86_64/src/hardware/startup/boards/../../../../install/x86_64/usr/lib\libstartup.a(debug.o)
                              main.o (print_syspage)
C:/Users/Dell/ide-8.0-workspace/hw.x86_64/src/hardware/startup/boards/../../../../install/x86_64/usr/lib\libstartup.a(early_setup.o)
                              C:/Users/Dell/ide-8.0-workspace/hw.x86_64/src/hardware/startup/boards/../../../../install/x86_64/usr/lib\libstartup.a(cstart64.o) (early_cpu_setup)
C:/Users/Dell/ide-8.0-workspace/hw.x86_64/src/hardware/startup/boards/../../../../install/x86_64/usr/lib\libstartup.a(entry_32prot.o)
                              C:/Users/Dell/ide-8.0-workspace/hw.x86_64/src/hardware/startup/boards/../../../../install/x86_64/usr/lib\libstartup.a(cstart64.o) (entry_32prot)
C:/Users/Dell/ide-8.0-workspace/hw.x86_64/src/hardware/startup/boards/../../../../install/x86_64/usr/lib\libstartup.a(getopt.o)
                              main.o (getopt)
C:/Users/Dell/ide-8.0-workspace/hw.x86_64/src/hardware/startup/boards/../../../../install/x86_64/usr/lib\libstartup.a(getsize.o)
                              main.o (getsize)
C:/Users/Dell/ide-8.0-workspace/hw.x86_64/src/hardware/startup/boards/../../../../install/x86_64/usr/lib\libstartup.a(hw_cputype.o)
                              C:/Users/Dell/ide-8.0-workspace/hw.x86_64/src/hardware/startup/boards/../../../../install/x86_64/usr/lib\libstartup.a(cpu_startup.o) (x86_cputype)
C:/Users/Dell/ide-8.0-workspace/hw.x86_64/src/hardware/startup/boards/../../../../install/x86_64/usr/lib\libstartup.a(hw_ser8250.o)
                              main.o (init_8250)
C:/Users/Dell/ide-8.0-workspace/hw.x86_64/src/hardware/startup/boards/../../../../install/x86_64/usr/lib\libstartup.a(hw_ser8250_pci.o)
                              main.o (init_8250_pci)
C:/Users/Dell/ide-8.0-workspace/hw.x86_64/src/hardware/startup/boards/../../../../install/x86_64/usr/lib\libstartup.a(hw_vgaout32.o)
                              main.o (init_vga)
C:/Users/Dell/ide-8.0-workspace/hw.x86_64/src/hardware/startup/boards/../../../../install/x86_64/usr/lib\libstartup.a(hwi_add_nanospin.o)
                              C:/Users/Dell/ide-8.0-workspace/hw.x86_64/src/hardware/startup/boards/../../../../install/x86_64/usr/lib\libstartup.a(common_options.o) (hwi_add_nanospin)
[...]
Memory Configuration

Name             Origin             Length             Attributes
*default*        0x0000000000000000 0xffffffffffffffff

Linker script and memory map

LOAD main.o
LOAD C:/Users/Dell/ide-8.0-workspace/hw.x86_64/src/hardware/startup/boards/../../../../install/x86_64/usr/lib\libstartup.a
LOAD C:/Users/Dell/qnx800/target/qnx/x86_64/usr/lib\liblzo2.a
LOAD C:/Users/Dell/qnx800/target/qnx/x86_64/usr/lib\libucl.a
LOAD C:/Users/Dell/qnx800/target/qnx/x86_64/usr/lib\libdrvr.a
LOAD C:/Users/Dell/qnx800/target/qnx/x86_64/lib\libc.a
LOAD C:/Users/Dell/qnx800/target/qnx/x86_64/lib\libcS.a
LOAD C:/Users/Dell/qnx800/host/win64/x86_64/usr/lib/gcc/x86_64-pc-nto-qnx8.0.0/12.2.0\libgcc.a

.interp
 *(.interp)

.note.gnu.build-id
 *(.note.gnu.build-id)

.hash
 *(.hash)

.gnu.hash
 *(.gnu.hash)

.dynsym
 *(.dynsym)

.dynstr
 *(.dynstr)

.gnu.version
 *(.gnu.version)

.gnu.version_d
 *(.gnu.version_d)

.gnu.version_r
 *(.gnu.version_r)

.rela.init
 *(.rela.init)

.rela.text
 *(.rela.text)

.rela.fini
 *(.rela.fini)

.rela.rodata
 *(.rela.rodata)

.rela.data.rel.ro
 *(.rela.data.rel.ro)

.rela.data
 *(.rela.data)

.rela.tdata
 *(.rela.tdata)

.rela.tbss
 *(.rela.tbss)

.rela.ctors
 *(.rela.ctors)

.rela.dtors
 *(.rela.dtors)

.rela.got
 *(.rela.got)

.rela.bss
 *(.rela.bss)

.rela.ldata
 *(.rela.ldata)

.rela.lbss
 *(.rela.lbss)

.rela.lrodata
 *(.rela.lrodata)

.rela.ifunc
 *(.rela.ifunc)

.rela.plt
 *(.rela.plt)

.relr.dyn
 *(.relr.dyn)

.init
 *(SORT_NONE(.init))

.plt
 *(.plt)

.plt.got
 *(.plt.got)

.plt.sec
 *(.plt.sec)

.text           0x0000000000000000    0x205fe
 *(.text .stub)
 .text          0x0000000000000000        0x0 main.o
 .text          0x0000000000000000      0x1db C:/Users/Dell/ide-8.0-workspace/hw.x86_64/src/hardware/startup/boards/../../../../install/x86_64/usr/lib\libstartup.a(_main.o)
                0x0000000000000010                _main
                0x00000000000001c0                __get_errno_ptr
                0x00000000000001d0                __stackavail
 *fill*         0x00000000000001db        0x5 
 .text          0x00000000000001e0        0x1 C:/Users/Dell/ide-8.0-workspace/hw.x86_64/src/hardware/startup/boards/../../../../install/x86_64/usr/lib\libstartup.a(board_init.o)
                0x00000000000001e0                board_init
 .text          0x00000000000001e1      0x110 C:/Users/Dell/ide-8.0-workspace/hw.x86_64/src/hardware/startup/boards/../../../../install/x86_64/usr/lib\libstartup.a(callout_debug_8250.o)
                0x00000000000001e1                patch_debug_8250
                0x00000000000001f3                display_char_8250
                0x0000000000000247                poll_key_8250
                0x000000000000029e                break_detect_8250
 .text          0x00000000000002f1      0x1cd C:/Users/Dell/ide-8.0-workspace/hw.x86_64/src/hardware/startup/boards/../../../../install/x86_64/usr/lib\libstartup.a(callout_debug_con.o)
                0x0000000000000337                display_char_vga
                0x0000000000000474                poll_key_pckbd
                0x00000000000004a7                break_detect_pckbd
 .text          0x00000000000004be       0x49 C:/Users/Dell/ide-8.0-workspace/hw.x86_64/src/hardware/startup/boards/../../../../install/x86_64/usr/lib\libstartup.a(callout_debug_dummy.o)
                0x00000000000004be                display_char_dummy
                0x00000000000004d3                poll_key_dummy
                0x00000000000004ef                break_detect_dummy
 *fill*         0x0000000000000507        0x9 
 .text          0x0000000000000510      0x6ef C:/Users/Dell/ide-8.0-workspace/hw.x86_64/src/hardware/startup/boards/../../../../install/x86_64/usr/lib\libstartup.a(common_options.o)
                0x00000000000005f0                handle_common_option
                0x0000000000000a20                set_debug
                0x0000000000000bc0                select_debug
 *fill*         0x0000000000000bff        0x1 
 .text          0x0000000000000c00       0x90 C:/Users/Dell/ide-8.0-workspace/hw.x86_64/src/hardware/startup/boards/../../../../install/x86_64/usr/lib\libstartup.a(cpu_cluster_add.o)
                0x0000000000000c00                cpu_cluster_add
 .text          0x0000000000000c90       0xbe C:/Users/Dell/ide-8.0-workspace/hw.x86_64/src/hardware/startup/boards/../../../../install/x86_64/usr/lib\libstartup.a(cpu_common_options.o)
                0x0000000000000c90                cpu_handle_common_option
 *fill*         0x0000000000000d4e        0x2 
 .text          0x0000000000000d50      0x2a7 C:/Users/Dell/ide-8.0-workspace/hw.x86_64/src/hardware/startup/boards/../../../../install/x86_64/usr/lib\libstartup.a(cpu_startup.o)
                0x0000000000000d50                cpu_one_startup
                0x0000000000000ff0                cpu_startup
 *fill*         0x0000000000000ff7        0x1 
 .text          0x0000000000000ff8     0x2ba0 C:/Users/Dell/ide-8.0-workspace/hw.x86_64/src/hardware/startup/boards/../../../../install/x86_64/usr/lib\libstartup.a(cstart64.o)
                0x0000000000001008                _start
                0x0000000000001008                _cstart_
                0x0000000000001098                boot_args
                0x00000000000010a0                stack_addr_lo
                0x0000000000003b98                stack_addr_hi
 *fill*         0x0000000000003b98        0x8 
 .text          0x0000000000003ba0       0x61 C:/Users/Dell/ide-8.0-workspace/hw.x86_64/src/hardware/startup/boards/../../../../install/x86_64/usr/lib\libstartup.a(debug.o)
                0x0000000000003ba0                print_syspage
 .text          0x0000000000003c01       0x26 C:/Users/Dell/ide-8.0-workspace/hw.x86_64/src/hardware/startup/boards/../../../../install/x86_64/usr/lib\libstartup.a(early_setup.o)
                0x0000000000003c01                early_cpu_setup
 *fill*         0x0000000000003c27      0x3d9 
 .text          0x0000000000004000     0x7008 C:/Users/Dell/ide-8.0-workspace/hw.x86_64/src/hardware/startup/boards/../../../../install/x86_64/usr/lib\libstartup.a(entry_32prot.o)
                0x0000000000004000                fillpage
                0x0000000000004016                fillpages
                0x0000000000004092                entry_32prot
 *fill*         0x000000000000b008        0x8 
 .text          0x000000000000b010      0x165 C:/Users/Dell/ide-8.0-workspace/hw.x86_64/src/hardware/startup/boards/../../../../install/x86_64/usr/lib\libstartup.a(getopt.o)
                0x000000000000b010                getopt
 *fill*         0x000000000000b175        0xb 
 .text          0x000000000000b180       0x8f C:/Users/Dell/ide-8.0-workspace/hw.x86_64/src/hardware/startup/boards/../../../../install/x86_64/usr/lib\libstartup.a(getsize.o)
                0x000000000000b180                getsize
 .text          0x000000000000b20f       0x60 C:/Users/Dell/ide-8.0-workspace/hw.x86_64/src/hardware/startup/boards/../../../../install/x86_64/usr/lib\libstartup.a(hw_cputype.o)
                0x000000000000b20f                x86_64_cputype
                0x000000000000b20f                x86_cputype
 *fill*         0x000000000000b26f        0x1 
 .text          0x000000000000b270      0x35d C:/Users/Dell/ide-8.0-workspace/hw.x86_64/src/hardware/startup/boards/../../../../install/x86_64/usr/lib\libstartup.a(hw_ser8250.o)
                0x000000000000b420                init_8250_common
                0x000000000000b510                init_8250
                0x000000000000b590                put_8250
 *fill*         0x000000000000b5cd        0x3 
 .text          0x000000000000b5d0      0x31b C:/Users/Dell/ide-8.0-workspace/hw.x86_64/src/hardware/startup/boards/../../../../install/x86_64/usr/lib\libstartup.a(hw_ser8250_pci.o)
                0x000000000000b860                init_8250_pci
 *fill*         0x000000000000b8eb        0x5 
 .text          0x000000000000b8f0      0x127 C:/Users/Dell/ide-8.0-workspace/hw.x86_64/src/hardware/startup/boards/../../../../install/x86_64/usr/lib\libstartup.a(hw_vgaout32.o)
                0x000000000000b940                init_vga
                0x000000000000b950                put_vga
 *fill*         0x000000000000ba17        0x9 
 .text          0x000000000000ba20       0x43 C:/Users/Dell/ide-8.0-workspace/hw.x86_64/src/hardware/startup/boards/../../../../install/x86_64/usr/lib\libstartup.a(hwi_add_nanospin.o)
                0x000000000000ba20                hwi_add_nanospin
 *fill*         0x000000000000ba63        0xd 
 .text          0x000000000000ba70      0x18f C:/Users/Dell/ide-8.0-workspace/hw.x86_64/src/hardware/startup/boards/../../../../install/x86_64/usr/lib\libstartup.a(hwi_alloc.o)
                0x000000000000ba70                __hwi_find_string
                0x000000000000ba80                __hwi_base
                0x000000000000ba90                hwi_alloc_tag
                0x000000000000bb40                hwi_alloc_item
                0x000000000000bbd0                hwi_grow_tag
 *fill*         0x000000000000bbff        0x1 
 .text          0x000000000000bc00       0x8b C:/Users/Dell/ide-8.0-workspace/hw.x86_64/src/hardware/startup/boards/../../../../install/x86_64/usr/lib\libstartup.a(hypervisor_setup.o)
                0x000000000000bc00                hypervisor_set_options
                0x000000000000bc10                hypervisor_init
                0x000000000000bc50                hypervisor_get_required_flags
                0x000000000000bc60                hypervisor_syspage_init
 *fill*         0x000000000000bc8b        0x5 
 .text          0x000000000000bc90        0x1 C:/Users/Dell/ide-8.0-workspace/hw.x86_64/src/hardware/startup/boards/../../../../install/x86_64/usr/lib\libstartup.a(init_cacheattr.o)
                0x000000000000bc90                init_cacheattr
 *fill*         0x000000000000bc91        0xf 
 .text          0x000000000000bca0      0x477 C:/Users/Dell/ide-8.0-workspace/hw.x86_64/src/hardware/startup/boards/../../../../install/x86_64/usr/lib\libstartup.a(init_cpuinfo.o)
                0x000000000000bca0                init_one_cpuinfo
                0x000000000000c0c0                init_cpuinfo
 *fill*         0x000000000000c117        0x9 
 .text          0x000000000000c120      0x507 C:/Users/Dell/ide-8.0-workspace/hw.x86_64/src/hardware/startup/boards/../../../../install/x86_64/usr/lib\libstartup.a(init_hwinfo.o)
                0x000000000000c120                init_hwinfo
 *fill*         0x000000000000c627        0x9 
 .text          0x000000000000c630      0x4ec C:/Users/Dell/ide-8.0-workspace/hw.x86_64/src/hardware/startup/boards/../../../../install/x86_64/usr/lib\libstartup.a(init_intrinfo.o)
                0x000000000000c630                init_intrinfo
 *fill*         0x000000000000cb1c        0x4 
 .text          0x000000000000cb20       0xd3 C:/Users/Dell/ide-8.0-workspace/hw.x86_64/src/hardware/startup/boards/../../../../install/x86_64/usr/lib\libstartup.a(init_intrinfo_msi.o)
                0x000000000000cb20                init_intrinfo_msi
 *fill*         0x000000000000cbf3        0xd 
 .text          0x000000000000cc00       0x5c C:/Users/Dell/ide-8.0-workspace/hw.x86_64/src/hardware/startup/boards/../../../../install/x86_64/usr/lib\libstartup.a(init_mmu.o)
                0x000000000000cc10                init_mmu
 *fill*         0x000000000000cc5c        0x4 
 .text          0x000000000000cc60       0x57 C:/Users/Dell/ide-8.0-workspace/hw.x86_64/src/hardware/startup/boards/../../../../install/x86_64/usr/lib\libstartup.a(init_qtime.o)
                0x000000000000cc60                init_qtime
 *fill*         0x000000000000ccb7        0x9 
 .text          0x000000000000ccc0      0x3d3 C:/Users/Dell/ide-8.0-workspace/hw.x86_64/src/hardware/startup/boards/../../../../install/x86_64/usr/lib\libstartup.a(init_qtime_hpet.o)
                0x000000000000ccc0                init_qtime_disable_hpet
 *fill*         0x000000000000d093        0xd 
 .text          0x000000000000d0a0      0x524 C:/Users/Dell/ide-8.0-workspace/hw.x86_64/src/hardware/startup/boards/../../../../install/x86_64/usr/lib\libstartup.a(init_qtime_lapic.o)
                0x000000000000d110                init_qtime_lapic
 *fill*         0x000000000000d5c4        0xc 
 .text          0x000000000000d5d0      0x24b C:/Users/Dell/ide-8.0-workspace/hw.x86_64/src/hardware/startup/boards/../../../../install/x86_64/usr/lib\libstartup.a(init_raminfo.o)
                0x000000000000d5d0                init_raminfo
 *fill*         0x000000000000d81b        0x5 
 .text          0x000000000000d820      0x41e C:/Users/Dell/ide-8.0-workspace/hw.x86_64/src/hardware/startup/boards/../../../../install/x86_64/usr/lib\libstartup.a(init_raminfo_uefi.o)
                0x000000000000d820                init_raminfo_uefi
 *fill*         0x000000000000dc3e        0x2 
 .text          0x000000000000dc40      0x123 C:/Users/Dell/ide-8.0-workspace/hw.x86_64/src/hardware/startup/boards/../../../../install/x86_64/usr/lib\libstartup.a(init_reboot_callout.o)
                0x000000000000dc40                init_reboot_callout
 *fill*         0x000000000000dd63        0xd 
 .text          0x000000000000dd70      0x1d2 C:/Users/Dell/ide-8.0-workspace/hw.x86_64/src/hardware/startup/boards/../../../../install/x86_64/usr/lib\libstartup.a(init_smp.o)
                0x000000000000dec0                init_smp
 *fill*         0x000000000000df42        0xe 
 .text          0x000000000000df50      0x6ec C:/Users/Dell/ide-8.0-workspace/hw.x86_64/src/hardware/startup/boards/../../../../install/x86_64/usr/lib\libstartup.a(init_system_private.o)
                0x000000000000df50                init_system_private
 *fill*         0x000000000000e63c        0x4 
 .text          0x000000000000e640        0x3 C:/Users/Dell/ide-8.0-workspace/hw.x86_64/src/hardware/startup/boards/../../../../install/x86_64/usr/lib\libstartup.a(intel_microcode_updates.o)
                0x000000000000e640                intel_microcode_updates
 *fill*         0x000000000000e643        0xd 
 .text          0x000000000000e650       0x33 C:/Users/Dell/ide-8.0-workspace/hw.x86_64/src/hardware/startup/boards/../../../../install/x86_64/usr/lib\libstartup.a(intel_misc.o)
                0x000000000000e650                is_intel_chipset
 *fill*         0x000000000000e683        0xd 
 .text          0x000000000000e690       0xfe C:/Users/Dell/ide-8.0-workspace/hw.x86_64/src/hardware/startup/boards/../../../../install/x86_64/usr/lib\libstartup.a(intel_pxh.o)
                0x000000000000e690                find_pxh_ioapic
 *fill*         0x000000000000e78e        0x2 
 .text          0x000000000000e790       0x85 C:/Users/Dell/ide-8.0-workspace/hw.x86_64/src/hardware/startup/boards/../../../../install/x86_64/usr/lib\libstartup.a(invert_timer_freq.o)
                0x000000000000e790                invert_timer_freq
 *fill*         0x000000000000e815        0xb 
 .text          0x000000000000e820      0x44d C:/Users/Dell/ide-8.0-workspace/hw.x86_64/src/hardware/startup/boards/../../../../install/x86_64/usr/lib\libstartup.a(ioapic.o)
                0x000000000000e820                add_ioapic
                0x000000000000ea50                ioapic_get_num
                0x000000000000ea60                ioapic_get_id_last
                0x000000000000ea70                ioapic_get_id_first
                0x000000000000ea80                ioapic_get_id_next
                0x000000000000eae0                ioapic_get_gsibase
                0x000000000000eb10                ioapic_get_vaddr
                0x000000000000eb50                ioapic_get_paddr
                0x000000000000eb80                ioapic_get_accessfnc
                0x000000000000ebc0                ioapic_set_accessfnc
                0x000000000000ec00                ioapic_set_autofill_profile_num
                0x000000000000ec40                ioapic_get_autofill_profile_num
 *fill*         0x000000000000ec6d        0x3 
 .text          0x000000000000ec70      0x57f C:/Users/Dell/ide-8.0-workspace/hw.x86_64/src/hardware/startup/boards/../../../../install/x86_64/usr/lib\libstartup.a(ioapic_amd.o)
 *fill*         0x000000000000f1ef        0x1 
 .text          0x000000000000f1f0       0xa6 C:/Users/Dell/ide-8.0-workspace/hw.x86_64/src/hardware/startup/boards/../../../../install/x86_64/usr/lib\libstartup.a(ioapic_find.o)
                0x000000000000f1f0                ioapic_find
 *fill*         0x000000000000f296        0xa 
 .text          0x000000000000f2a0      0x58f C:/Users/Dell/ide-8.0-workspace/hw.x86_64/src/hardware/startup/boards/../../../../install/x86_64/usr/lib\libstartup.a(ioapic_generic.o)
 *fill*         0x000000000000f82f        0x1 
 .text          0x000000000000f830      0x805 C:/Users/Dell/ide-8.0-workspace/hw.x86_64/src/hardware/startup/boards/../../../../install/x86_64/usr/lib\libstartup.a(ioapic_ich.o)
 *fill*         0x0000000000010035        0xb 
 .text          0x0000000000010040      0x879 C:/Users/Dell/ide-8.0-workspace/hw.x86_64/src/hardware/startup/boards/../../../../install/x86_64/usr/lib\libstartup.a(ioapic_intsrc_disposition.o)
                0x0000000000010040                ioapic_intsrc_polarity_get
                0x00000000000101d0                ioapic_intsrc_polarity_set
                0x0000000000010380                ioapic_intsrc_trigger_mode_get
                0x0000000000010540                ioapic_intsrc_trigger_mode_set
                0x0000000000010700                ioapic_intsrc_cfg_check
 *fill*         0x00000000000108b9        0x7 
 .text          0x00000000000108c0      0x61e C:/Users/Dell/ide-8.0-workspace/hw.x86_64/src/hardware/startup/boards/../../../../install/x86_64/usr/lib\libstartup.a(ioapic_ioh.o)
 *fill*         0x0000000000010ede        0x2 
 .text          0x0000000000010ee0       0x37 C:/Users/Dell/ide-8.0-workspace/hw.x86_64/src/hardware/startup/boards/../../../../install/x86_64/usr/lib\libstartup.a(is_uefi_boot.o)
                0x0000000000010ee0                is_uefi_boot
 *fill*         0x0000000000010f17        0x9 
 .text          0x0000000000010f20      0x84c C:/Users/Dell/ide-8.0-workspace/hw.x86_64/src/hardware/startup/boards/../../../../install/x86_64/usr/lib\libstartup.a(itss_misc.o)
                0x0000000000010f20                get_itss_base_addr
                0x0000000000011220                itss_pirq_remap_adjust
                0x0000000000011330                itss_polarity_get
                0x0000000000011610                itss_polarity_set
                0x00000000000116f0                itss_trigger_mode_get
                0x0000000000011730                itss_trigger_mode_set
 *fill*         0x000000000001176c        0x4 
 .text          0x0000000000011770       0xa9 C:/Users/Dell/ide-8.0-workspace/hw.x86_64/src/hardware/startup/boards/../../../../install/x86_64/usr/lib\libstartup.a(jtag.o)
                0x0000000000011770                jtag_reserve_memory
                0x00000000000117c0                jtag_reserve_syspage_addr
                0x00000000000117e0                jtag_store_syspage_addr
 *fill*         0x0000000000011819        0x7 
 .text          0x0000000000011820      0x5a8 C:/Users/Dell/ide-8.0-workspace/hw.x86_64/src/hardware/startup/boards/../../../../install/x86_64/usr/lib\libstartup.a(kprintf.o)
                0x0000000000011b80                kprintf
                0x0000000000011bf0                ksprintf
                0x0000000000011c90                ksnprintf
                0x0000000000011d50                crash
                0x0000000000011db0                set_print_char
                0x0000000000011dc0                get_print_char
 *fill*         0x0000000000011dc8        0x8 
 .text          0x0000000000011dd0      0x150 C:/Users/Dell/ide-8.0-workspace/hw.x86_64/src/hardware/startup/boards/../../../../install/x86_64/usr/lib\libstartup.a(load_ifs.o)
                0x0000000000011dd0                load_ifs
 .text          0x0000000000011f20       0x36 C:/Users/Dell/ide-8.0-workspace/hw.x86_64/src/hardware/startup/boards/../../../../install/x86_64/usr/lib\libstartup.a(map_callout_mem.o)
                0x0000000000011f20                callout_memory_map
 *fill*         0x0000000000011f56        0xa 
 .text          0x0000000000011f60      0x171 C:/Users/Dell/ide-8.0-workspace/hw.x86_64/src/hardware/startup/boards/../../../../install/x86_64/usr/lib\libstartup.a(map_startup_mem.o)
                0x0000000000011f60                startup_memory_map
                0x00000000000120d0                startup_memory_unmap
 *fill*         0x00000000000120d1        0xf 
 .text          0x00000000000120e0      0x1b4 C:/Users/Dell/ide-8.0-workspace/hw.x86_64/src/hardware/startup/boards/../../../../install/x86_64/usr/lib\libstartup.a(memcpy.o)
                0x00000000000120e0                memcpy
 *fill*         0x0000000000012294        0xc 
 .text          0x00000000000122a0       0x7f C:/Users/Dell/ide-8.0-workspace/hw.x86_64/src/hardware/startup/boards/../../../../install/x86_64/usr/lib\libstartup.a(memfuncs.o)
                0x00000000000122a0                copy_memory
 *fill*         0x000000000001231f        0x1 
 .text          0x0000000000012320       0x46 C:/Users/Dell/ide-8.0-workspace/hw.x86_64/src/hardware/startup/boards/../../../../install/x86_64/usr/lib\libstartup.a(memmove.o)
                0x0000000000012320                memmove
 *fill*         0x0000000000012366        0xa 
 .text          0x0000000000012370      0x338 C:/Users/Dell/ide-8.0-workspace/hw.x86_64/src/hardware/startup/boards/../../../../install/x86_64/usr/lib\libstartup.a(p2sb_misc.o)
                0x0000000000012370                find_P2SB
 *fill*         0x00000000000126a8        0x8 
 .text          0x00000000000126b0       0xf8 C:/Users/Dell/ide-8.0-workspace/hw.x86_64/src/hardware/startup/boards/../../../../install/x86_64/usr/lib\libstartup.a(pci_known_devs_table.o)
                0x00000000000126b0                add_known_pci_device
 *fill*         0x00000000000127a8        0x8 
 .text          0x00000000000127b0      0x75d C:/Users/Dell/ide-8.0-workspace/hw.x86_64/src/hardware/startup/boards/../../../../install/x86_64/usr/lib\libstartup.a(pci_misc.o)
                0x00000000000127b0                set_LPC_pci_devfunc
                0x00000000000127c0                pci_find_class
                0x0000000000012a30                get_LPC_pci_devfunc
                0x0000000000012ae0                get_lpc_reg8
                0x0000000000012b10                get_lpc_reg16
                0x0000000000012b40                get_lpc_reg32
                0x0000000000012b70                get_LPC_devid
                0x0000000000012c40                set_lpc_reg8
                0x0000000000012d30                set_lpc_reg16
                0x0000000000012e20                set_lpc_reg32
 *fill*         0x0000000000012f0d        0x3 
 .text          0x0000000000012f10       0x38 C:/Users/Dell/ide-8.0-workspace/hw.x86_64/src/hardware/startup/boards/../../../../install/x86_64/usr/lib\libstartup.a(pci_read_cfg16.o)
                0x0000000000012f10                pci_read_cfg16
 *fill*         0x0000000000012f48        0x8 
 .text          0x0000000000012f50       0x61 C:/Users/Dell/ide-8.0-workspace/hw.x86_64/src/hardware/startup/boards/../../../../install/x86_64/usr/lib\libstartup.a(pci_read_cfg32.o)
                0x0000000000012f50                pci_read_cfg32
 *fill*         0x0000000000012fb1        0xf 
 .text          0x0000000000012fc0       0x27 C:/Users/Dell/ide-8.0-workspace/hw.x86_64/src/hardware/startup/boards/../../../../install/x86_64/usr/lib\libstartup.a(pci_read_cfg8.o)
                0x0000000000012fc0                pci_read_cfg8
 *fill*         0x0000000000012fe7        0x9 
 .text          0x0000000000012ff0       0x89 C:/Users/Dell/ide-8.0-workspace/hw.x86_64/src/hardware/startup/boards/../../../../install/x86_64/usr/lib\libstartup.a(pci_write_cfg16.o)
                0x0000000000012ff0                pci_write_cfg16
 *fill*         0x0000000000013079        0x7 
 .text          0x0000000000013080       0x64 C:/Users/Dell/ide-8.0-workspace/hw.x86_64/src/hardware/startup/boards/../../../../install/x86_64/usr/lib\libstartup.a(pci_write_cfg32.o)
                0x0000000000013080                pci_write_cfg32
 *fill*         0x00000000000130e4        0xc 
 .text          0x00000000000130f0       0x7a C:/Users/Dell/ide-8.0-workspace/hw.x86_64/src/hardware/startup/boards/../../../../install/x86_64/usr/lib\libstartup.a(pci_write_cfg8.o)
                0x00000000000130f0                pci_write_cfg8
 *fill*         0x000000000001316a        0x6 
 .text          0x0000000000013170       0xd0 C:/Users/Dell/ide-8.0-workspace/hw.x86_64/src/hardware/startup/boards/../../../../install/x86_64/usr/lib\libstartup.a(pcu_misc.o)
                0x0000000000013170                pcu_ilb_pirq_remap_adjust
 .text          0x0000000000013240       0xa1 C:/Users/Dell/ide-8.0-workspace/hw.x86_64/src/hardware/startup/boards/../../../../install/x86_64/usr/lib\libstartup.a(piix4_misc.o)
                0x0000000000013240                piix4_pirq_remap_adjust
 *fill*         0x00000000000132e1        0xf 
 .text          0x00000000000132f0      0x8fc C:/Users/Dell/ide-8.0-workspace/hw.x86_64/src/hardware/startup/boards/../../../../install/x86_64/usr/lib\libstartup.a(print_sysp.o)
                0x0000000000013a10                print_syspage_enable
                0x0000000000013aa0                print_syspage_sections
 *fill*         0x0000000000013bec        0x4 
 .text          0x0000000000013bf0      0x443 C:/Users/Dell/ide-8.0-workspace/hw.x86_64/src/hardware/startup/boards/../../../../install/x86_64/usr/lib\libstartup.a(processor64.o)
                0x0000000000013eb0                x86_64_init_pgdir
                0x0000000000013f70                x86_64_load_pgdir
                0x0000000000013f80                x86_64_map
                0x0000000000013fb0                x86_64_4m_map
                0x0000000000013fc0                elf_vaddr_to_paddr
 *fill*         0x0000000000014033        0xd 
 .text          0x0000000000014040      0xbd9 C:/Users/Dell/ide-8.0-workspace/hw.x86_64/src/hardware/startup/boards/../../../../install/x86_64/usr/lib\libstartup.a(ram.o)
                0x0000000000014180                find_top_ram_aligned_limit
                0x00000000000142d0                find_top_ram_aligned
                0x00000000000142e0                find_top_ram
                0x0000000000014300                find_ram_in_range
                0x0000000000014490                find_ram
                0x00000000000144b0                alloc_ram
                0x0000000000014720                calloc_ram
                0x0000000000014770                add_sysram
                0x00000000000147e0                ws_alloc
                0x0000000000014900                avoid_ram
                0x00000000000149b0                add_ram
                0x0000000000014ad0                watch_add_ram
                0x0000000000014b10                reserve_ram
 *fill*         0x0000000000014c19        0x7 
 .text          0x0000000000014c20      0xb43 C:/Users/Dell/ide-8.0-workspace/hw.x86_64/src/hardware/startup/boards/../../../../install/x86_64/usr/lib\libstartup.a(restore_ifs.o)
                0x0000000000014cc0                rifs_restore_ifs2
                0x0000000000014e40                rifs_load_ifs2
                0x0000000000014f60                load_ifs2_nonbootable
                0x0000000000014fe0                rifs_restore_ifs
                0x0000000000015500                rifs_save_elf32data
                0x0000000000015720                rifs_set_cksum
 *fill*         0x0000000000015763        0xd 
 .text          0x0000000000015770       0xdb C:/Users/Dell/ide-8.0-workspace/hw.x86_64/src/hardware/startup/boards/../../../../install/x86_64/usr/lib\libstartup.a(sbx00_misc.o)
                0x0000000000015770                sbx00_pirq_remap_adjust
 *fill*         0x000000000001584b        0x5 
 .text          0x0000000000015850      0x1a4 C:/Users/Dell/ide-8.0-workspace/hw.x86_64/src/hardware/startup/boards/../../../../install/x86_64/usr/lib\libstartup.a(sch_misc.o)
                0x0000000000015850                sch_is_gpio
                0x0000000000015940                sch_pirq_remap_adjust
 *fill*         0x00000000000159f4        0xc 
 .text          0x0000000000015a00       0x33 C:/Users/Dell/ide-8.0-workspace/hw.x86_64/src/hardware/startup/boards/../../../../install/x86_64/usr/lib\libstartup.a(set_cycles.o)
                0x0000000000015a00                set_cycles_per_sec
 *fill*         0x0000000000015a33        0xd 
 .text          0x0000000000015a40       0x1a C:/Users/Dell/ide-8.0-workspace/hw.x86_64/src/hardware/startup/boards/../../../../install/x86_64/usr/lib\libstartup.a(ssp.o)
                0x0000000000015a40                __ssp_fail
 *fill*         0x0000000000015a5a        0x6 
 .text          0x0000000000015a60       0x77 C:/Users/Dell/ide-8.0-workspace/hw.x86_64/src/hardware/startup/boards/../../../../install/x86_64/usr/lib\libstartup.a(startnext.o)
                0x0000000000015a60                startnext
 *fill*         0x0000000000015ad7        0x9 
 .text          0x0000000000015ae0       0x3d C:/Users/Dell/ide-8.0-workspace/hw.x86_64/src/hardware/startup/boards/../../../../install/x86_64/usr/lib\libstartup.a(startup_info.o)
                0x0000000000015ae0                find_startup_info
 *fill*         0x0000000000015b1d        0x3 
 .text          0x0000000000015b20      0x322 C:/Users/Dell/ide-8.0-workspace/hw.x86_64/src/hardware/startup/boards/../../../../install/x86_64/usr/lib\libstartup.a(strings.o)
                0x0000000000015b20                find_typed_string
                0x0000000000015b80                del_typed_string
                0x0000000000015cb0                add_typed_string
                0x0000000000015d80                add_string
 *fill*         0x0000000000015e42        0xe 
 .text          0x0000000000015e50       0xe5 C:/Users/Dell/ide-8.0-workspace/hw.x86_64/src/hardware/startup/boards/../../../../install/x86_64/usr/lib\libstartup.a(strtoul.o)
                0x0000000000015e50                strtopaddr
                0x0000000000015f30                strtoul
 *fill*         0x0000000000015f35        0xb 
 .text          0x0000000000015f40      0x611 C:/Users/Dell/ide-8.0-workspace/hw.x86_64/src/hardware/startup/boards/../../../../install/x86_64/usr/lib\libstartup.a(syspage_memory.o)
                0x0000000000015f40                grow_syspage_section
                0x0000000000016020                set_syspage_section
                0x0000000000016050                init_syspage_memory
                0x0000000000016190                reloc_syspage_memory
                0x00000000000161f0                alloc_syspage_memory
                0x0000000000016520                write_syspage_memory
 *fill*         0x0000000000016551        0xf 
 .text          0x0000000000016560        0x5 C:/Users/Dell/ide-8.0-workspace/hw.x86_64/src/hardware/startup/boards/../../../../install/x86_64/usr/lib\libstartup.a(tweak_cmdline.o)
                0x0000000000016560                tweak_cmdline
 *fill*         0x0000000000016565        0xb 
 .text          0x0000000000016570      0x313 C:/Users/Dell/ide-8.0-workspace/hw.x86_64/src/hardware/startup/boards/../../../../install/x86_64/usr/lib\libstartup.a(uefi.o)
                0x0000000000016810                uefi_find_config_tbl
                0x0000000000016870                uefi_exit_init
 *fill*         0x0000000000016883        0xd 
 .text          0x0000000000016890      0x189 C:/Users/Dell/ide-8.0-workspace/hw.x86_64/src/hardware/startup/boards/../../../../install/x86_64/usr/lib\libstartup.a(uefi_init.o)
                0x0000000000016890                uefi_init
 *fill*         0x0000000000016a19        0x7 
 .text          0x0000000000016a20      0x306 C:/Users/Dell/ide-8.0-workspace/hw.x86_64/src/hardware/startup/boards/../../../../install/x86_64/usr/lib\libstartup.a(uefi_io.o)
                0x0000000000016a50                uefi_print_str
                0x0000000000016bc0                uefi_print_char
                0x0000000000016c80                uefi_io_flush
                0x0000000000016cf0                uefi_io_init
 *fill*         0x0000000000016d26        0xa 
 .text          0x0000000000016d30       0x56 C:/Users/Dell/ide-8.0-workspace/hw.x86_64/src/hardware/startup/boards/../../../../install/x86_64/usr/lib\libstartup.a(ultoa_end.o)
                0x0000000000016d30                ultoa_end
 *fill*         0x0000000000016d86        0xa 
 .text          0x0000000000016d90       0x7a C:/Users/Dell/ide-8.0-workspace/hw.x86_64/src/hardware/startup/boards/../../../../install/x86_64/usr/lib\libstartup.a(uncompress.o)
                0x0000000000016d90                uncompress
 *fill*         0x0000000000016e0a        0x6 
 .text          0x0000000000016e10       0x8d C:/Users/Dell/ide-8.0-workspace/hw.x86_64/src/hardware/startup/boards/../../../../install/x86_64/usr/lib\libstartup.a(uncompress_ucl.o)
                0x0000000000016e10                uncompress_ucl
 *fill*         0x0000000000016e9d        0x3 
 .text          0x0000000000016ea0        0x3 C:/Users/Dell/ide-8.0-workspace/hw.x86_64/src/hardware/startup/boards/../../../../install/x86_64/usr/lib\libstartup.a(x86_64_pcbios_shadow.o)
                0x0000000000016ea0                x86_pcbios_shadow_rom
 .text          0x0000000000016ea3       0x61 C:/Users/Dell/ide-8.0-workspace/hw.x86_64/src/hardware/startup/boards/../../../../install/x86_64/usr/lib\libstartup.a(64apstart.o)
                0x0000000000016ea3                smp_start
 *fill*         0x0000000000016f04        0xc 
 .text          0x0000000000016f10      0x3ec C:/Users/Dell/ide-8.0-workspace/hw.x86_64/src/hardware/startup/boards/../../../../install/x86_64/usr/lib\libstartup.a(acpi.o)
                0x0000000000016f10                acpi_find_table_next
                0x0000000000017200                add_acpi_table
                0x00000000000172f0                acpi_find_table
 *fill*         0x00000000000172fc        0x4 
 .text          0x0000000000017300      0x478 C:/Users/Dell/ide-8.0-workspace/hw.x86_64/src/hardware/startup/boards/../../../../install/x86_64/usr/lib\libstartup.a(acpi_ioapic.o)
                0x0000000000017300                ioapic_discover_acpi
                0x0000000000017540                ioapic_intsrc_acpi
 *fill*         0x0000000000017778        0x8 
 .text          0x0000000000017780      0x1d5 C:/Users/Dell/ide-8.0-workspace/hw.x86_64/src/hardware/startup/boards/../../../../install/x86_64/usr/lib\libstartup.a(add_interrupt.o)
                0x0000000000017810                add_interrupt
                0x0000000000017910                add_interrupt_array
 *fill*         0x0000000000017955        0xb 
 .text          0x0000000000017960       0x77 C:/Users/Dell/ide-8.0-workspace/hw.x86_64/src/hardware/startup/boards/../../../../install/x86_64/usr/lib\libstartup.a(alloc_qtime.o)
                0x0000000000017960                alloc_qtime
 *fill*         0x00000000000179d7        0x9 
 .text          0x00000000000179e0      0x176 C:/Users/Dell/ide-8.0-workspace/hw.x86_64/src/hardware/startup/boards/../../../../install/x86_64/usr/lib\libstartup.a(amd_misc.o)
                0x00000000000179e0                is_amd_chipset
                0x0000000000017b10                is_amd_ryzen
 *fill*         0x0000000000017b56        0xa 
 .text          0x0000000000017b60       0x12 C:/Users/Dell/ide-8.0-workspace/hw.x86_64/src/hardware/startup/boards/../../../../install/x86_64/usr/lib\libstartup.a(ap_fail.o)
                0x0000000000017b60                ap_fail
 *fill*         0x0000000000017b72        0xe 
 .text          0x0000000000017b80      0x4f4 C:/Users/Dell/ide-8.0-workspace/hw.x86_64/src/hardware/startup/boards/../../../../install/x86_64/usr/lib\libstartup.a(apic_io_intr.o)
                0x0000000000017bb0                init_intrinfo_ioapic
 *fill*         0x0000000000018074        0xc 
 .text          0x0000000000018080      0x270 C:/Users/Dell/ide-8.0-workspace/hw.x86_64/src/hardware/startup/boards/../../../../install/x86_64/usr/lib\libstartup.a(apic_local_intr.o)
                0x0000000000018080                lapic_configure
                0x0000000000018270                init_intrinfo_lapic
 .text          0x00000000000182f0      0x1d7 C:/Users/Dell/ide-8.0-workspace/hw.x86_64/src/hardware/startup/boards/../../../../install/x86_64/usr/lib\libstartup.a(apic_paddr.o)
                0x00000000000182f0                lapic_id
                0x0000000000018310                apic_add_as_entry
                0x0000000000018430                apic_set_paddr
                0x0000000000018470                apic_set_vaddr
 *fill*         0x00000000000184c7        0x9 
 .text          0x00000000000184d0        0x5 C:/Users/Dell/ide-8.0-workspace/hw.x86_64/src/hardware/startup/boards/../../../../install/x86_64/usr/lib\libstartup.a(as_add.o)
                0x00000000000184d0                as_add
 *fill*         0x00000000000184d5        0xb 
 .text          0x00000000000184e0       0xa6 C:/Users/Dell/ide-8.0-workspace/hw.x86_64/src/hardware/startup/boards/../../../../install/x86_64/usr/lib\libstartup.a(as_add64.o)
                0x00000000000184e0                as_add64
 *fill*         0x0000000000018586        0xa 
 .text          0x0000000000018590      0x304 C:/Users/Dell/ide-8.0-workspace/hw.x86_64/src/hardware/startup/boards/../../../../install/x86_64/usr/lib\libstartup.a(as_add_containing.o)
                0x0000000000018590                as_add_containing
 *fill*         0x0000000000018894        0xc 
 .text          0x00000000000188a0       0x47 C:/Users/Dell/ide-8.0-workspace/hw.x86_64/src/hardware/startup/boards/../../../../install/x86_64/usr/lib\libstartup.a(as_default.o)
                0x00000000000188a0                as_default
 *fill*         0x00000000000188e7        0x9 
 .text          0x00000000000188f0      0x193 C:/Users/Dell/ide-8.0-workspace/hw.x86_64/src/hardware/startup/boards/../../../../install/x86_64/usr/lib\libstartup.a(as_find.o)
                0x00000000000188f0                as_find
 *fill*         0x0000000000018a83        0xd 
 .text          0x0000000000018a90       0xf1 C:/Users/Dell/ide-8.0-workspace/hw.x86_64/src/hardware/startup/boards/../../../../install/x86_64/usr/lib\libstartup.a(as_find_containing.o)
                0x0000000000018a90                as_find_containing
 *fill*         0x0000000000018b81        0xf 
 .text          0x0000000000018b90        0xa C:/Users/Dell/ide-8.0-workspace/hw.x86_64/src/hardware/startup/boards/../../../../install/x86_64/usr/lib\libstartup.a(as_off2info.o)
                0x0000000000018b90                as_off2info
 *fill*         0x0000000000018b9a        0x6 
 .text          0x0000000000018ba0       0x29 C:/Users/Dell/ide-8.0-workspace/hw.x86_64/src/hardware/startup/boards/../../../../install/x86_64/usr/lib\libstartup.a(board_find_acpi_rsdp.o)
                0x0000000000018ba0                board_find_acpi_rsdp
 *fill*         0x0000000000018bc9        0x7 
 .text          0x0000000000018bd0      0x133 C:/Users/Dell/ide-8.0-workspace/hw.x86_64/src/hardware/startup/boards/../../../../install/x86_64/usr/lib\libstartup.a(board_find_acpi_rsdp_bios.o)
                0x0000000000018ca0                board_find_acpi_rsdp_bios
 *fill*         0x0000000000018d03        0xd 
 .text          0x0000000000018d10       0x89 C:/Users/Dell/ide-8.0-workspace/hw.x86_64/src/hardware/startup/boards/../../../../install/x86_64/usr/lib\libstartup.a(board_find_acpi_rsdp_uefi.o)
                0x0000000000018d10                board_find_acpi_rsdp_uefi
 *fill*         0x0000000000018d99        0x7 
 .text          0x0000000000018da0       0x55 C:/Users/Dell/ide-8.0-workspace/hw.x86_64/src/hardware/startup/boards/../../../../install/x86_64/usr/lib\libstartup.a(board_smp.o)
                0x0000000000018da0                board_smp_num_cpu
                0x0000000000018dd0                board_smp_init
                0x0000000000018de0                board_smp_start
                0x0000000000018df0                board_smp_adjust_num
 *fill*         0x0000000000018df5        0xb 
 .text          0x0000000000018e00       0x91 C:/Users/Dell/ide-8.0-workspace/hw.x86_64/src/hardware/startup/boards/../../../../install/x86_64/usr/lib\libstartup.a(board_sysctl.o)
                0x0000000000018e00                board_mmu_enable
                0x0000000000018e10                board_mmu_disable
                0x0000000000018e20                board_alignment_check_enable
                0x0000000000018e30                board_alignment_check_disable
                0x0000000000018e40                board_dcache_enable
                0x0000000000018e50                board_dcache_disable
                0x0000000000018e60                board_icache_enable
                0x0000000000018e70                board_icache_disable
                0x0000000000018e80                board_enable_caches
                0x0000000000018e90                board_disable_caches
 *fill*         0x0000000000018e91        0xf 
 .text          0x0000000000018ea0       0x2b C:/Users/Dell/ide-8.0-workspace/hw.x86_64/src/hardware/startup/boards/../../../../install/x86_64/usr/lib\libstartup.a(calc_cksum.o)
                0x0000000000018ea0                calc_cksum
 .text          0x0000000000018ecb       0x3e C:/Users/Dell/ide-8.0-workspace/hw.x86_64/src/hardware/startup/boards/../../../../install/x86_64/usr/lib\libstartup.a(callout_apstart.o)
                0x0000000000018ecb                smp_spin
 .text          0x0000000000018f09      0x234 C:/Users/Dell/ide-8.0-workspace/hw.x86_64/src/hardware/startup/boards/../../../../install/x86_64/usr/lib\libstartup.a(callout_interrupt_apic.o)
                0x0000000000018f2a                interrupt_lapic_stub
                0x0000000000018f41                interrupt_id_lapic
                0x0000000000018f41                interrupt_id_apic
                0x0000000000018f55                interrupt_eoi_lapic
                0x0000000000018f55                interrupt_eoi_apic
                0x0000000000018f94                interrupt_unmask_apic
                0x0000000000018f94                interrupt_unmask_lapic
                0x0000000000019021                interrupt_mask_lapic
                0x0000000000019021                interrupt_mask_apic
                0x00000000000190ae                interrupt_config_apic
                0x00000000000190ae                interrupt_config_lapic
                0x00000000000190c5                interrupt_id_apic_spurious
                0x00000000000190c5                interrupt_id_lapic_spurious
                0x00000000000190de                interrupt_eoi_lapic_spurious
                0x00000000000190de                interrupt_eoi_apic_spurious
                0x00000000000190f2                interrupt_unmask_lapic_spurious
                0x00000000000190f2                interrupt_unmask_apic_spurious
                0x0000000000019109                interrupt_mask_apic_spurious
                0x0000000000019109                interrupt_mask_lapic_spurious
                0x0000000000019123                interrupt_config_lapic_spurious
                0x0000000000019123                interrupt_config_apic_spurious
 .text          0x000000000001913d      0x128 C:/Users/Dell/ide-8.0-workspace/hw.x86_64/src/hardware/startup/boards/../../../../install/x86_64/usr/lib\libstartup.a(callout_interrupt_ioapic.o)
                0x0000000000019157                interrupt_id_ioapic
                0x000000000001916b                interrupt_eoi_ioapic
                0x00000000000191ba                interrupt_unmask_ioapic
                0x0000000000019204                interrupt_mask_ioapic
                0x000000000001924e                interrupt_config_ioapic
 .text          0x0000000000019265       0x7c C:/Users/Dell/ide-8.0-workspace/hw.x86_64/src/hardware/startup/boards/../../../../install/x86_64/usr/lib\libstartup.a(callout_reboot.o)
                0x000000000001927f                reboot
 *fill*         0x00000000000192e1        0xf 
 .text          0x00000000000192f0      0x481 C:/Users/Dell/ide-8.0-workspace/hw.x86_64/src/hardware/startup/boards/../../../../install/x86_64/usr/lib\libstartup.a(callouts.o)
                0x0000000000019370                output_callouts
                0x00000000000193d0                callout_output_one
                0x00000000000195d0                callout_register_data
                0x0000000000019650                callout_reloc_data
                0x0000000000019690                add_callout
                0x00000000000196f0                add_callout_array
 *fill*         0x0000000000019771        0xf 
 .text          0x0000000000019780      0x1a6 C:/Users/Dell/ide-8.0-workspace/hw.x86_64/src/hardware/startup/boards/../../../../install/x86_64/usr/lib\libstartup.a(chip_access.o)
                0x0000000000019780                chip_access
                0x00000000000197e0                chip_done
                0x0000000000019810                chip_read8
                0x0000000000019840                chip_write8
                0x0000000000019870                chip_read16
                0x00000000000198a0                chip_write16
                0x00000000000198d0                chip_read32
                0x0000000000019900                chip_write32
 *fill*         0x0000000000019926        0xa 
 .text          0x0000000000019930      0x4b3 C:/Users/Dell/ide-8.0-workspace/hw.x86_64/src/hardware/startup/boards/../../../../install/x86_64/usr/lib\libstartup.a(cpu_family_clock.o)
                0x0000000000019cc0                get_processor_base_freq
 *fill*         0x0000000000019de3        0xd 
 .text          0x0000000000019df0      0x18d C:/Users/Dell/ide-8.0-workspace/hw.x86_64/src/hardware/startup/boards/../../../../install/x86_64/usr/lib\libstartup.a(cpu_family_model.o)
                0x0000000000019df0                cpu_family_model
                0x0000000000019e70                cpu_family
                0x0000000000019f00                cpu_model
 .text          0x0000000000019f7d        0x0 C:/Users/Dell/ide-8.0-workspace/hw.x86_64/src/hardware/startup/boards/../../../../install/x86_64/usr/lib\libstartup.a(cpu_features.o)
 .text          0x0000000000019f7d       0x5b C:/Users/Dell/ide-8.0-workspace/hw.x86_64/src/hardware/startup/boards/../../../../install/x86_64/usr/lib\libstartup.a(cpu_id.o)
                0x0000000000019f7d                x86_64_cpuid
                0x0000000000019f7d                x86_cpuid
                0x0000000000019f92                x86_64_setidt
                0x0000000000019fa2                x86_64_setgdt
                0x0000000000019fb8                x86_64_setsegs
 *fill*         0x0000000000019fd8        0x8 
 .text          0x0000000000019fe0       0x5d C:/Users/Dell/ide-8.0-workspace/hw.x86_64/src/hardware/startup/boards/../../../../install/x86_64/usr/lib\libstartup.a(cpu_startnext.o)
                0x0000000000019fe0                cpu_startnext
 *fill*         0x000000000001a03d        0x3 
 .text          0x000000000001a040      0x185 C:/Users/Dell/ide-8.0-workspace/hw.x86_64/src/hardware/startup/boards/../../../../install/x86_64/usr/lib\libstartup.a(cpu_syspage_memory.o)
                0x000000000001a040                cpu_init_syspage_memory
                0x000000000001a050                cpu_alloc_syspage_memory
                0x000000000001a1b0                cpu_write_syspage_memory
                0x000000000001a1c0                cpu_syspage_remap
 *fill*         0x000000000001a1c5        0xb 
 .text          0x000000000001a1d0      0x329 C:/Users/Dell/ide-8.0-workspace/hw.x86_64/src/hardware/startup/boards/../../../../install/x86_64/usr/lib\libstartup.a(cpu_tsc.o)
                0x000000000001a1d0                fix_tsc
                0x000000000001a330                calibrate_tsc
                0x000000000001a440                get_invariant_tsc
 *fill*         0x000000000001a4f9        0x7 
 .text          0x000000000001a500      0x16b C:/Users/Dell/ide-8.0-workspace/hw.x86_64/src/hardware/startup/boards/../../../../install/x86_64/usr/lib\libstartup.a(cpu_tweak_cmdline.o)
                0x000000000001a500                cpu_tweak_cmdline
 *fill*         0x000000000001a66b        0x5 
 .text          0x000000000001a670        0x2 C:/Users/Dell/ide-8.0-workspace/hw.x86_64/src/hardware/startup/boards/../../../../install/x86_64/usr/lib\libstartup.a(crash_done.o)
                0x000000000001a670                crash_done
 *fill*         0x000000000001a672        0xe 
 .text          0x000000000001a680        0x1 C:/Users/Dell/ide-8.0-workspace/hw.x86_64/src/hardware/startup/boards/../../../../install/x86_64/usr/lib\libstartup.a(dummy_print_char.o)
                0x000000000001a680                dummy_print_char
 *fill*         0x000000000001a681        0xf 
 .text          0x000000000001a690      0x1e0 C:/Users/Dell/ide-8.0-workspace/hw.x86_64/src/hardware/startup/boards/../../../../install/x86_64/usr/lib\libstartup.a(elf.o)
                0x000000000001a690                is_elf64
                0x000000000001a750                is_elf32
                0x000000000001a800                is_elf
                0x000000000001a830                load_elf
 .text          0x000000000001a870      0x369 C:/Users/Dell/ide-8.0-workspace/hw.x86_64/src/hardware/startup/boards/../../../../install/x86_64/usr/lib\libstartup.a(elf32.o)
                0x000000000001a870                load_elf32
 *fill*         0x000000000001abd9        0x7 
 .text          0x000000000001abe0      0x3b7 C:/Users/Dell/ide-8.0-workspace/hw.x86_64/src/hardware/startup/boards/../../../../install/x86_64/usr/lib\libstartup.a(elf64.o)
                0x000000000001abe0                load_elf64
 *fill*         0x000000000001af97        0x9 
 .text          0x000000000001afa0      0x103 C:/Users/Dell/ide-8.0-workspace/hw.x86_64/src/hardware/startup/boards/../../../../install/x86_64/usr/lib\libstartup.a(elf_map.o)
                0x000000000001afa0                load_elf64mmu_4m
                0x000000000001b080                load_elf32mmu_4m
                0x000000000001b090                elf_map
 .text          0x000000000001b0a3        0x0 C:/Users/Dell/ide-8.0-workspace/hw.x86_64/src/hardware/startup/boards/../../../../install/x86_64/usr/lib\libstartup.a(fdt_vars.o)
 *fill*         0x000000000001b0a3        0xd 
 .text          0x000000000001b0b0      0x2dd C:/Users/Dell/ide-8.0-workspace/hw.x86_64/src/hardware/startup/boards/../../../../install/x86_64/usr/lib\libstartup.a(find_ecam_base.o)
                0x000000000001b0b0                find_ecam_base
 *fill*         0x000000000001b38d        0x3 
 .text          0x000000000001b390       0xe6 C:/Users/Dell/ide-8.0-workspace/hw.x86_64/src/hardware/startup/boards/../../../../install/x86_64/usr/lib\libstartup.a(find_top_intr.o)
                0x000000000001b390                find_top_cpu_intr
                0x000000000001b400                find_next_cpu_intr
 *fill*         0x000000000001b476        0xa 
 .text          0x000000000001b480      0x3f6 C:/Users/Dell/ide-8.0-workspace/hw.x86_64/src/hardware/startup/boards/../../../../install/x86_64/usr/lib\libstartup.a(hv_guest.o)
                0x000000000001b630                hvg_tsc_frequency
                0x000000000001b730                hvg_lapic_frequency
 *fill*         0x000000000001b876        0xa 
 .text          0x000000000001b880      0x5a5 C:/Users/Dell/ide-8.0-workspace/hw.x86_64/src/hardware/startup/boards/../../../../install/x86_64/usr/lib\libstartup.a(hw_cpuid_string.o)
                0x000000000001b910                x86_64_cpuid_string
                0x000000000001be20                x86_cpuid_string
 *fill*         0x000000000001be25        0xb 
 .text          0x000000000001be30       0xdf C:/Users/Dell/ide-8.0-workspace/hw.x86_64/src/hardware/startup/boards/../../../../install/x86_64/usr/lib\libstartup.a(hw_cpuspeed.o)
                0x000000000001be30                x86_64_cpuspeed
                0x000000000001bea0                x86_cpuspeed
 *fill*         0x000000000001bf0f        0x1 
 .text          0x000000000001bf10      0x12e C:/Users/Dell/ide-8.0-workspace/hw.x86_64/src/hardware/startup/boards/../../../../install/x86_64/usr/lib\libstartup.a(hw_scanmem.o)
                0x000000000001bf10                x86_scanmem
 *fill*         0x000000000001c03e        0x2 
 .text          0x000000000001c040       0xda C:/Users/Dell/ide-8.0-workspace/hw.x86_64/src/hardware/startup/boards/../../../../install/x86_64/usr/lib\libstartup.a(hwi_add_device.o)
                0x000000000001c040                hwi_add_device
 *fill*         0x000000000001c11a        0x6 
 .text          0x000000000001c120        0xc C:/Users/Dell/ide-8.0-workspace/hw.x86_64/src/hardware/startup/boards/../../../../install/x86_64/usr/lib\libstartup.a(hwi_add_irq.o)
                0x000000000001c120                hwi_add_irq
 *fill*         0x000000000001c12c        0x4 
 .text          0x000000000001c130       0x19 C:/Users/Dell/ide-8.0-workspace/hw.x86_64/src/hardware/startup/boards/../../../../install/x86_64/usr/lib\libstartup.a(hwi_add_location.o)
                0x000000000001c130                hwi_add_location
 *fill*         0x000000000001c149        0x7 
 .text          0x000000000001c150       0x4b C:/Users/Dell/ide-8.0-workspace/hw.x86_64/src/hardware/startup/boards/../../../../install/x86_64/usr/lib\libstartup.a(hwi_default.o)
                0x000000000001c150                hwi_default
 *fill*         0x000000000001c19b        0x5 
 .text          0x000000000001c1a0       0x21 C:/Users/Dell/ide-8.0-workspace/hw.x86_64/src/hardware/startup/boards/../../../../install/x86_64/usr/lib\libstartup.a(hwi_find_as.o)
                0x000000000001c1a0                hwi_find_as
 *fill*         0x000000000001c1c1        0xf 
 .text          0x000000000001c1d0       0x76 C:/Users/Dell/ide-8.0-workspace/hw.x86_64/src/hardware/startup/boards/../../../../install/x86_64/usr/lib\libstartup.a(hwidev_add.o)
                0x000000000001c1d0                hwidev_add
 *fill*         0x000000000001c246        0xa 
 .text          0x000000000001c250       0x1c C:/Users/Dell/ide-8.0-workspace/hw.x86_64/src/hardware/startup/boards/../../../../install/x86_64/usr/lib\libstartup.a(hwitag_add_irq.o)
                0x000000000001c250                hwitag_add_irq
 *fill*         0x000000000001c26c        0x4 
 .text          0x000000000001c270       0x44 C:/Users/Dell/ide-8.0-workspace/hw.x86_64/src/hardware/startup/boards/../../../../install/x86_64/usr/lib\libstartup.a(hwitag_add_location.o)
                0x000000000001c270                hwitag_add_location
 *fill*         0x000000000001c2b4        0xc 
 .text          0x000000000001c2c0      0x1e1 C:/Users/Dell/ide-8.0-workspace/hw.x86_64/src/hardware/startup/boards/../../../../install/x86_64/usr/lib\libstartup.a(hypervisor.o)
                0x000000000001c2c0                arch_hypervisor_validate_flags
                0x000000000001c400                arch_hypervisor_init
                0x000000000001c460                arch_hypervisor_syspage_init
 *fill*         0x000000000001c4a1        0xf 
 .text          0x000000000001c4b0      0x294 C:/Users/Dell/ide-8.0-workspace/hw.x86_64/src/hardware/startup/boards/../../../../install/x86_64/usr/lib\libstartup.a(ich_misc.o)
                0x000000000001c4b0                ich_corporate_model
                0x000000000001c560                ich_model
                0x000000000001c5c0                ich_is_gpio
                0x000000000001c690                ich_pirq_remap_adjust
 *fill*         0x000000000001c744        0xc 
 .text          0x000000000001c750      0x1a9 C:/Users/Dell/ide-8.0-workspace/hw.x86_64/src/hardware/startup/boards/../../../../install/x86_64/usr/lib\libstartup.a(imps.o)
                0x000000000001c810                smp_get_fps
                0x000000000001c870                imps_entry_size
                0x000000000001c890                is_imcr_present
 *fill*         0x000000000001c8f9        0x7 
 .text          0x000000000001c900      0x642 C:/Users/Dell/ide-8.0-workspace/hw.x86_64/src/hardware/startup/boards/../../../../install/x86_64/usr/lib\libstartup.a(imps_ioapic.o)
                0x000000000001c900                ioapic_discover_imps
                0x000000000001cab0                imps_resolve_bus_int_flags
                0x000000000001cf10                ioapic_intsrc_imps
                0x000000000001cf30                ioapic_lintsrc_imps
 *fill*         0x000000000001cf42        0xe 
 .text          0x000000000001cf50      0x1cc C:/Users/Dell/ide-8.0-workspace/hw.x86_64/src/hardware/startup/boards/../../../../install/x86_64/usr/lib\libstartup.a(imps_smp.o)
                0x000000000001cf50                imps_smp_num_cpu
 *fill*         0x000000000001d11c        0x4 
 .text          0x000000000001d120       0x4c C:/Users/Dell/ide-8.0-workspace/hw.x86_64/src/hardware/startup/boards/../../../../install/x86_64/usr/lib\libstartup.a(init_asinfo.o)
                0x000000000001d120                init_asinfo
 *fill*         0x000000000001d16c        0x4 
 .text          0x000000000001d170      0x103 C:/Users/Dell/ide-8.0-workspace/hw.x86_64/src/hardware/startup/boards/../../../../install/x86_64/usr/lib\libstartup.a(init_gdt.o)
                0x000000000001d170                init_gdt
 *fill*         0x000000000001d273        0xd 
 .text          0x000000000001d280        0x1 C:/Users/Dell/ide-8.0-workspace/hw.x86_64/src/hardware/startup/boards/../../../../install/x86_64/usr/lib\libstartup.a(init_mitigation_mem.o)
                0x000000000001d280                init_mitigation_mem
 *fill*         0x000000000001d281        0xf 
 .text          0x000000000001d290      0x45d C:/Users/Dell/ide-8.0-workspace/hw.x86_64/src/hardware/startup/boards/../../../../install/x86_64/usr/lib\libstartup.a(ioapic_auto_config.o)
                0x000000000001d290                ioapic_auto_config
 *fill*         0x000000000001d6ed        0x3 
 .text          0x000000000001d6f0      0x155 C:/Users/Dell/ide-8.0-workspace/hw.x86_64/src/hardware/startup/boards/../../../../install/x86_64/usr/lib\libstartup.a(ioapic_default_configs.o)
                0x000000000001d6f0                ioapic_autofill_defaults
 *fill*         0x000000000001d845        0xb 
 .text          0x000000000001d850       0x11 C:/Users/Dell/ide-8.0-workspace/hw.x86_64/src/hardware/startup/boards/../../../../install/x86_64/usr/lib\libstartup.a(map_startup_io.o)
                0x000000000001d850                startup_io_map
                0x000000000001d860                startup_io_unmap
 *fill*         0x000000000001d861        0xf 
 .text          0x000000000001d870       0x13 C:/Users/Dell/ide-8.0-workspace/hw.x86_64/src/hardware/startup/boards/../../../../install/x86_64/usr/lib\libstartup.a(rtc_time.o)
                0x000000000001d870                rtc_time
 *fill*         0x000000000001d883        0xd 
 .text          0x000000000001d890       0x33 C:/Users/Dell/ide-8.0-workspace/hw.x86_64/src/hardware/startup/boards/../../../../install/x86_64/usr/lib\libstartup.a(timer_ns2tick.o)
                0x000000000001d890                timer_ns2tick
 *fill*         0x000000000001d8c3        0xd 
 .text          0x000000000001d8d0       0x88 C:/Users/Dell/ide-8.0-workspace/hw.x86_64/src/hardware/startup/boards/../../../../install/x86_64/usr/lib\libstartup.a(timer_tick2ns.o)
                0x000000000001d8d0                timer_tick2ns
 *fill*         0x000000000001d958        0x8 
 .text          0x000000000001d960      0x162 C:/Users/Dell/ide-8.0-workspace/hw.x86_64/src/hardware/startup/boards/../../../../install/x86_64/usr/lib\libstartup.a(acpi_smp.o)
                0x000000000001d960                acpi_smp_num_cpu
 *fill*         0x000000000001dac2        0xe 
 .text          0x000000000001dad0      0x363 C:/Users/Dell/ide-8.0-workspace/hw.x86_64/src/hardware/startup/boards/../../../../install/x86_64/usr/lib\libstartup.a(apic_smp.o)
                0x000000000001db50                apic_add_cpuid
                0x000000000001db60                apic_smp_init
                0x000000000001db70                apic_smp_start
                0x000000000001de30                apic_smp_adjust_num
 *fill*         0x000000000001de33        0xd 
 .text          0x000000000001de40      0x1ad C:/Users/Dell/ide-8.0-workspace/hw.x86_64/src/hardware/startup/boards/../../../../install/x86_64/usr/lib\libstartup.a(bootstrap_cmdline.o)
                0x000000000001dfd0                bootstrap_arg_adjust
                0x000000000001dfe0                bootstrap_env_adjust
 *fill*         0x000000000001dfed        0x3 
 .text          0x000000000001dff0      0x297 C:/Users/Dell/ide-8.0-workspace/hw.x86_64/src/hardware/startup/boards/../../../../install/x86_64/usr/lib\libstartup.a(hw_rtc_mc146818.o)
                0x000000000001dff0                rtc_time_mc146818
 *fill*         0x000000000001e287        0x9 
 .text          0x000000000001e290       0x78 C:/Users/Dell/ide-8.0-workspace/hw.x86_64/src/hardware/startup/boards/../../../../install/x86_64/usr/lib\libstartup.a(hwi_add_rtc.o)
                0x000000000001e290                hwi_add_rtc
 .text          0x000000000001e308       0xe7 C:/Users/Dell/ide-8.0-workspace/hw.x86_64/src/hardware/startup/boards/../../../../install/x86_64/usr/lib\libstartup.a(16apstart.o)
                0x000000000001e308                apstart16_start
                0x000000000001e3be                apstart16_end
                0x000000000001e3be                apstart_init
 *fill*         0x000000000001e3ef        0x1 
 .text          0x000000000001e3f0       0x2f C:/Users/Dell/ide-8.0-workspace/hw.x86_64/src/hardware/startup/boards/../../../../install/x86_64/usr/lib\libstartup.a(bcd2bin.o)
                0x000000000001e3f0                bcd2bin
 *fill*         0x000000000001e41f        0x1 
 .text          0x000000000001e420       0xbf C:/Users/Dell/ide-8.0-workspace/hw.x86_64/src/hardware/startup/boards/../../../../install/x86_64/usr/lib\libstartup.a(calc_time_t.o)
                0x000000000001e420                calc_time_t
 *fill*         0x000000000001e4df        0x1 
 .text          0x000000000001e4e0      0x8d9 C:/Users/Dell/qnx800/target/qnx/x86_64/usr/lib\libucl.a(n2b_d.o)
                0x000000000001e4e0                ucl_nrv2b_decompress_8
                0x000000000001e750                ucl_nrv2b_decompress_le16
                0x000000000001ea40                ucl_nrv2b_decompress_le32
 *fill*         0x000000000001edb9        0x7 
 .text          0x000000000001edc0      0x17d C:/Users/Dell/qnx800/target/qnx/x86_64/lib\libc.a(hwi_find_item.o)
                0x000000000001edc0                hwi_find_item
 *fill*         0x000000000001ef3d        0x3 
 .text          0x000000000001ef40       0x19 C:/Users/Dell/qnx800/target/qnx/x86_64/lib\libc.a(hwi_off2tag.o)
                0x000000000001ef40                hwi_off2tag
 *fill*         0x000000000001ef59        0x7 
 .text          0x000000000001ef60       0x1e C:/Users/Dell/qnx800/target/qnx/x86_64/lib\libc.a(hwi_tag2off.o)
                0x000000000001ef60                hwi_tag2off
 *fill*         0x000000000001ef7e        0x2 
 .text          0x000000000001ef80      0x708 C:/Users/Dell/qnx800/target/qnx/x86_64/lib\libc.a(memcmp.o)
                0x000000000001ef80                memcmp
                0x000000000001ef80                __memcmp_isr
 *fill*         0x000000000001f688        0x8 
 .text          0x000000000001f690      0x240 C:/Users/Dell/qnx800/target/qnx/x86_64/lib\libc.a(memset.o)
                0x000000000001f690                memset
                0x000000000001f690                __memset_isr
 .text          0x000000000001f8d0       0x50 C:/Users/Dell/qnx800/target/qnx/x86_64/lib\libc.a(strcasecmp.o)
                0x000000000001f8d0                strcasecmp
 .text          0x000000000001f920      0x3fe C:/Users/Dell/qnx800/target/qnx/x86_64/lib\libc.a(strchr.o)
                0x000000000001f920                strchr
                0x000000000001f920                __strchr_isr
 *fill*         0x000000000001fd1e        0x2 
 .text          0x000000000001fd20      0x37e C:/Users/Dell/qnx800/target/qnx/x86_64/lib\libc.a(strcmp.o)
                0x000000000001fd20                strcmp
                0x000000000001fd20                __strcmp_isr
 *fill*         0x000000000002009e        0x2 
 .text          0x00000000000200a0       0x42 C:/Users/Dell/qnx800/target/qnx/x86_64/lib\libc.a(strlcpy.o)
                0x00000000000200a0                strlcpy
 *fill*         0x00000000000200e2        0xe 
 .text          0x00000000000200f0      0x21b C:/Users/Dell/qnx800/target/qnx/x86_64/lib\libc.a(strlen.o)
                0x00000000000200f0                strlen
                0x00000000000200f0                __strlen_isr
 *fill*         0x000000000002030b        0x5 
 .text          0x0000000000020310      0x133 C:/Users/Dell/qnx800/target/qnx/x86_64/lib\libc.a(strstr.o)
                0x0000000000020310                strstr
                0x0000000000020390                strcasestr
 *fill*         0x0000000000020443        0xd 
 .text          0x0000000000020450       0x3e C:/Users/Dell/qnx800/target/qnx/x86_64/lib\libc.a(__progname.o)
                0x0000000000020450                getprogname
                0x0000000000020460                setprogname
 *fill*         0x000000000002048e        0x2 
 .text          0x0000000000020490       0x70 C:/Users/Dell/qnx800/target/qnx/x86_64/lib\libc.a(_ssp.o)
                0x0000000000020490                __fortify_fail_extra_arg
                0x00000000000204a0                __fortify_fail_fmt_n
                0x00000000000204b0                __fortify_fail_missing_arg
                0x00000000000204c0                __fortify_fail_overflow_dst
                0x00000000000204d0                __chk_fail
                0x00000000000204e0                __longjmp_chk_fail
                0x00000000000204f0                __stack_chk_fail
 .text          0x0000000000020500        0x0 C:/Users/Dell/qnx800/target/qnx/x86_64/lib\libc.a(__stack_chk_guard.o)
 .text          0x0000000000020500       0x28 C:/Users/Dell/qnx800/target/qnx/x86_64/lib\libc.a(xtolotab.o)
                0x0000000000020500                _Getptolower
 *fill*         0x0000000000020528        0x8 
 .text          0x0000000000020530       0x64 C:/Users/Dell/qnx800/target/qnx/x86_64/lib\libc.a(strncasecmp.o)
                0x0000000000020530                strncasecmp
 *fill*         0x0000000000020594        0xc 
 .text          0x00000000000205a0       0x33 C:/Users/Dell/qnx800/target/qnx/x86_64/lib\libc.a(strncmp.o)
                0x00000000000205a0                strncmp
 *fill*         0x00000000000205d3        0xd 
 .text          0x00000000000205e0       0x1e C:/Users/Dell/qnx800/target/qnx/x86_64/lib\libc.a(strrchr.o)
                0x00000000000205e0                strrchr
 *(.gnu.warning)

.text.startup   0x0000000000000000      0x2ce
 .text.startup  0x0000000000000000      0x2ce main.o
                0x0000000000000000                main

.text.unlikely  0x0000000000000000       0x17
 .text.unlikely
                0x0000000000000000        0xd C:/Users/Dell/ide-8.0-workspace/hw.x86_64/src/hardware/startup/boards/../../../../install/x86_64/usr/lib\libstartup.a(_main.o)
                0x0000000000000000                abort
 .text.unlikely
                0x000000000000000d        0xa C:/Users/Dell/qnx800/target/qnx/x86_64/lib\libc.a(hwi_find_item.o)

.fini
 *(SORT_NONE(.fini))

.rodata         0x0000000000000000     0x15a0
 *(.rodata)
 .rodata        0x0000000000000000      0x1b0 C:/Users/Dell/ide-8.0-workspace/hw.x86_64/src/hardware/startup/boards/../../../../install/x86_64/usr/lib\libstartup.a(common_options.o)
 .rodata        0x00000000000001b0        0xc C:/Users/Dell/ide-8.0-workspace/hw.x86_64/src/hardware/startup/boards/../../../../install/x86_64/usr/lib\libstartup.a(init_hwinfo.o)
 *fill*         0x00000000000001bc        0x4 
 .rodata        0x00000000000001c0       0x34 C:/Users/Dell/ide-8.0-workspace/hw.x86_64/src/hardware/startup/boards/../../../../install/x86_64/usr/lib\libstartup.a(init_qtime_lapic.o)
 *fill*         0x00000000000001f4        0xc 
 .rodata        0x0000000000000200       0x10 C:/Users/Dell/ide-8.0-workspace/hw.x86_64/src/hardware/startup/boards/../../../../install/x86_64/usr/lib\libstartup.a(init_reboot_callout.o)
                0x0000000000000200                reboot_call
 .rodata        0x0000000000000210       0x10 C:/Users/Dell/ide-8.0-workspace/hw.x86_64/src/hardware/startup/boards/../../../../install/x86_64/usr/lib\libstartup.a(ioapic_amd.o)
 .rodata        0x0000000000000220       0x10 C:/Users/Dell/ide-8.0-workspace/hw.x86_64/src/hardware/startup/boards/../../../../install/x86_64/usr/lib\libstartup.a(ioapic_generic.o)
 .rodata        0x0000000000000230       0x10 C:/Users/Dell/ide-8.0-workspace/hw.x86_64/src/hardware/startup/boards/../../../../install/x86_64/usr/lib\libstartup.a(ioapic_ich.o)
 .rodata        0x0000000000000240       0xcb C:/Users/Dell/ide-8.0-workspace/hw.x86_64/src/hardware/startup/boards/../../../../install/x86_64/usr/lib\libstartup.a(ioapic_intsrc_disposition.o)
 *fill*         0x000000000000030b        0x5 
 .rodata        0x0000000000000310       0x10 C:/Users/Dell/ide-8.0-workspace/hw.x86_64/src/hardware/startup/boards/../../../../install/x86_64/usr/lib\libstartup.a(ioapic_ioh.o)
 .rodata        0x0000000000000320       0x72 C:/Users/Dell/ide-8.0-workspace/hw.x86_64/src/hardware/startup/boards/../../../../install/x86_64/usr/lib\libstartup.a(itss_misc.o)
 *fill*         0x0000000000000392        0xe 
 .rodata        0x00000000000003a0      0x181 C:/Users/Dell/ide-8.0-workspace/hw.x86_64/src/hardware/startup/boards/../../../../install/x86_64/usr/lib\libstartup.a(kprintf.o)
 *fill*         0x0000000000000521        0x7 
 .rodata        0x0000000000000528       0x80 C:/Users/Dell/ide-8.0-workspace/hw.x86_64/src/hardware/startup/boards/../../../../install/x86_64/usr/lib\libstartup.a(memcpy.o)
 .rodata        0x00000000000005a8        0xc C:/Users/Dell/ide-8.0-workspace/hw.x86_64/src/hardware/startup/boards/../../../../install/x86_64/usr/lib\libstartup.a(p2sb_misc.o)
 *fill*         0x00000000000005b4        0xc 
 .rodata        0x00000000000005c0       0x80 C:/Users/Dell/ide-8.0-workspace/hw.x86_64/src/hardware/startup/boards/../../../../install/x86_64/usr/lib\libstartup.a(pci_known_devs_table.o)
                0x00000000000005c0                known_pci_device_table_size
                0x00000000000005e0                known_pci_device_table
 .rodata        0x0000000000000640        0x4 C:/Users/Dell/ide-8.0-workspace/hw.x86_64/src/hardware/startup/boards/../../../../install/x86_64/usr/lib\libstartup.a(piix4_misc.o)
 *fill*         0x0000000000000644        0x4 
 .rodata        0x0000000000000648        0xb C:/Users/Dell/ide-8.0-workspace/hw.x86_64/src/hardware/startup/boards/../../../../install/x86_64/usr/lib\libstartup.a(processor64.o)
 *fill*         0x0000000000000653        0x5 
 .rodata        0x0000000000000658       0x10 C:/Users/Dell/ide-8.0-workspace/hw.x86_64/src/hardware/startup/boards/../../../../install/x86_64/usr/lib\libstartup.a(sbx00_misc.o)
 .rodata        0x0000000000000668        0x8 C:/Users/Dell/ide-8.0-workspace/hw.x86_64/src/hardware/startup/boards/../../../../install/x86_64/usr/lib\libstartup.a(sch_misc.o)
 .rodata        0x0000000000000670       0x19 C:/Users/Dell/ide-8.0-workspace/hw.x86_64/src/hardware/startup/boards/../../../../install/x86_64/usr/lib\libstartup.a(uefi.o)
 *fill*         0x0000000000000689        0x7 
 .rodata        0x0000000000000690       0x11 C:/Users/Dell/ide-8.0-workspace/hw.x86_64/src/hardware/startup/boards/../../../../install/x86_64/usr/lib\libstartup.a(ultoa_end.o)
 .rodata        0x00000000000006a1        0x5 C:/Users/Dell/ide-8.0-workspace/hw.x86_64/src/hardware/startup/boards/../../../../install/x86_64/usr/lib\libstartup.a(add_interrupt.o)
 *fill*         0x00000000000006a6        0xa 
 .rodata        0x00000000000006b0       0x12 C:/Users/Dell/ide-8.0-workspace/hw.x86_64/src/hardware/startup/boards/../../../../install/x86_64/usr/lib\libstartup.a(as_add_containing.o)
 *fill*         0x00000000000006c2        0x6 
 .rodata        0x00000000000006c8        0x8 C:/Users/Dell/ide-8.0-workspace/hw.x86_64/src/hardware/startup/boards/../../../../install/x86_64/usr/lib\libstartup.a(as_find.o)
 *fill*         0x00000000000006d0       0x10 
 .rodata        0x00000000000006e0       0x20 C:/Users/Dell/ide-8.0-workspace/hw.x86_64/src/hardware/startup/boards/../../../../install/x86_64/usr/lib\libstartup.a(board_find_acpi_rsdp_uefi.o)
 .rodata        0x0000000000000700      0x6f8 C:/Users/Dell/ide-8.0-workspace/hw.x86_64/src/hardware/startup/boards/../../../../install/x86_64/usr/lib\libstartup.a(cpu_family_clock.o)
 *fill*         0x0000000000000df8        0x8 
 .rodata        0x0000000000000e00       0x48 C:/Users/Dell/ide-8.0-workspace/hw.x86_64/src/hardware/startup/boards/../../../../install/x86_64/usr/lib\libstartup.a(find_ecam_base.o)
 *fill*         0x0000000000000e48       0x18 
 .rodata        0x0000000000000e60       0x60 C:/Users/Dell/ide-8.0-workspace/hw.x86_64/src/hardware/startup/boards/../../../../install/x86_64/usr/lib\libstartup.a(hv_guest.o)
 .rodata        0x0000000000000ec0        0x8 C:/Users/Dell/ide-8.0-workspace/hw.x86_64/src/hardware/startup/boards/../../../../install/x86_64/usr/lib\libstartup.a(ich_misc.o)
 .rodata        0x0000000000000ec8        0x5 C:/Users/Dell/ide-8.0-workspace/hw.x86_64/src/hardware/startup/boards/../../../../install/x86_64/usr/lib\libstartup.a(imps.o)
 *fill*         0x0000000000000ecd       0x13 
 .rodata        0x0000000000000ee0       0x20 C:/Users/Dell/ide-8.0-workspace/hw.x86_64/src/hardware/startup/boards/../../../../install/x86_64/usr/lib\libstartup.a(init_gdt.o)
 .rodata        0x0000000000000f00      0x300 C:/Users/Dell/ide-8.0-workspace/hw.x86_64/src/hardware/startup/boards/../../../../install/x86_64/usr/lib\libstartup.a(ioapic_default_configs.o)
 .rodata        0x0000000000001200        0xf C:/Users/Dell/ide-8.0-workspace/hw.x86_64/src/hardware/startup/boards/../../../../install/x86_64/usr/lib\libstartup.a(apic_smp.o)
 *fill*         0x000000000000120f       0x11 
 .rodata        0x0000000000001220       0x80 C:/Users/Dell/ide-8.0-workspace/hw.x86_64/src/hardware/startup/boards/../../../../install/x86_64/usr/lib\libstartup.a(calc_time_t.o)
 .rodata        0x00000000000012a0      0x300 C:/Users/Dell/qnx800/target/qnx/x86_64/lib\libc.a(xtolotab.o)

.rodata.str1.8  0x0000000000000000     0x36d4
 .rodata.str1.8
                0x0000000000000000       0x31 main.o
 *fill*         0x0000000000000031        0x7 
 .rodata.str1.8
                0x0000000000000038       0x27 C:/Users/Dell/ide-8.0-workspace/hw.x86_64/src/hardware/startup/boards/../../../../install/x86_64/usr/lib\libstartup.a(common_options.o)
 *fill*         0x000000000000005f        0x1 
 .rodata.str1.8
                0x0000000000000060       0x52 C:/Users/Dell/ide-8.0-workspace/hw.x86_64/src/hardware/startup/boards/../../../../install/x86_64/usr/lib\libstartup.a(cpu_startup.o)
 *fill*         0x00000000000000b2        0x6 
 .rodata.str1.8
                0x00000000000000b8       0x3a C:/Users/Dell/ide-8.0-workspace/hw.x86_64/src/hardware/startup/boards/../../../../install/x86_64/usr/lib\libstartup.a(hypervisor_setup.o)
 *fill*         0x00000000000000f2        0x6 
 .rodata.str1.8
                0x00000000000000f8       0xdc C:/Users/Dell/ide-8.0-workspace/hw.x86_64/src/hardware/startup/boards/../../../../install/x86_64/usr/lib\libstartup.a(init_cpuinfo.o)
 *fill*         0x00000000000001d4        0x4 
 .rodata.str1.8
                0x00000000000001d8       0x28 C:/Users/Dell/ide-8.0-workspace/hw.x86_64/src/hardware/startup/boards/../../../../install/x86_64/usr/lib\libstartup.a(init_hwinfo.o)
 .rodata.str1.8
                0x0000000000000200       0x62 C:/Users/Dell/ide-8.0-workspace/hw.x86_64/src/hardware/startup/boards/../../../../install/x86_64/usr/lib\libstartup.a(init_intrinfo.o)
 *fill*         0x0000000000000262        0x6 
 .rodata.str1.8
                0x0000000000000268       0x7f C:/Users/Dell/ide-8.0-workspace/hw.x86_64/src/hardware/startup/boards/../../../../install/x86_64/usr/lib\libstartup.a(init_intrinfo_msi.o)
 *fill*         0x00000000000002e7        0x1 
 .rodata.str1.8
                0x00000000000002e8       0xb7 C:/Users/Dell/ide-8.0-workspace/hw.x86_64/src/hardware/startup/boards/../../../../install/x86_64/usr/lib\libstartup.a(init_qtime.o)
 *fill*         0x000000000000039f        0x1 
 .rodata.str1.8
                0x00000000000003a0       0x45 C:/Users/Dell/ide-8.0-workspace/hw.x86_64/src/hardware/startup/boards/../../../../install/x86_64/usr/lib\libstartup.a(init_qtime_hpet.o)
 *fill*         0x00000000000003e5        0x3 
 .rodata.str1.8
                0x00000000000003e8      0x208 C:/Users/Dell/ide-8.0-workspace/hw.x86_64/src/hardware/startup/boards/../../../../install/x86_64/usr/lib\libstartup.a(init_qtime_lapic.o)
 .rodata.str1.8
                0x00000000000005f0      0x1b1 C:/Users/Dell/ide-8.0-workspace/hw.x86_64/src/hardware/startup/boards/../../../../install/x86_64/usr/lib\libstartup.a(init_raminfo_uefi.o)
 *fill*         0x00000000000007a1        0x7 
 .rodata.str1.8
                0x00000000000007a8       0x9d C:/Users/Dell/ide-8.0-workspace/hw.x86_64/src/hardware/startup/boards/../../../../install/x86_64/usr/lib\libstartup.a(init_reboot_callout.o)
 *fill*         0x0000000000000845        0x3 
 .rodata.str1.8
                0x0000000000000848       0xce C:/Users/Dell/ide-8.0-workspace/hw.x86_64/src/hardware/startup/boards/../../../../install/x86_64/usr/lib\libstartup.a(init_system_private.o)
 *fill*         0x0000000000000916        0x2 
 .rodata.str1.8
                0x0000000000000918       0xcb C:/Users/Dell/ide-8.0-workspace/hw.x86_64/src/hardware/startup/boards/../../../../install/x86_64/usr/lib\libstartup.a(ioapic.o)
 *fill*         0x00000000000009e3        0x5 
 .rodata.str1.8
                0x00000000000009e8      0x1b1 C:/Users/Dell/ide-8.0-workspace/hw.x86_64/src/hardware/startup/boards/../../../../install/x86_64/usr/lib\libstartup.a(ioapic_amd.o)
 *fill*         0x0000000000000b99        0x7 
 .rodata.str1.8
                0x0000000000000ba0      0x1b9 C:/Users/Dell/ide-8.0-workspace/hw.x86_64/src/hardware/startup/boards/../../../../install/x86_64/usr/lib\libstartup.a(ioapic_generic.o)
 *fill*         0x0000000000000d59        0x7 
 .rodata.str1.8
                0x0000000000000d60      0x259 C:/Users/Dell/ide-8.0-workspace/hw.x86_64/src/hardware/startup/boards/../../../../install/x86_64/usr/lib\libstartup.a(ioapic_ich.o)
 *fill*         0x0000000000000fb9        0x7 
 .rodata.str1.8
                0x0000000000000fc0      0x133 C:/Users/Dell/ide-8.0-workspace/hw.x86_64/src/hardware/startup/boards/../../../../install/x86_64/usr/lib\libstartup.a(ioapic_intsrc_disposition.o)
 *fill*         0x00000000000010f3        0x5 
 .rodata.str1.8
                0x00000000000010f8      0x1b9 C:/Users/Dell/ide-8.0-workspace/hw.x86_64/src/hardware/startup/boards/../../../../install/x86_64/usr/lib\libstartup.a(ioapic_ioh.o)
 *fill*         0x00000000000012b1        0x7 
 .rodata.str1.8
                0x00000000000012b8      0x277 C:/Users/Dell/ide-8.0-workspace/hw.x86_64/src/hardware/startup/boards/../../../../install/x86_64/usr/lib\libstartup.a(itss_misc.o)
 *fill*         0x000000000000152f        0x1 
 .rodata.str1.8
                0x0000000000001530       0xb5 C:/Users/Dell/ide-8.0-workspace/hw.x86_64/src/hardware/startup/boards/../../../../install/x86_64/usr/lib\libstartup.a(load_ifs.o)
 *fill*         0x00000000000015e5        0x3 
 .rodata.str1.8
                0x00000000000015e8       0x79 C:/Users/Dell/ide-8.0-workspace/hw.x86_64/src/hardware/startup/boards/../../../../install/x86_64/usr/lib\libstartup.a(map_startup_mem.o)
 *fill*         0x0000000000001661        0x7 
 .rodata.str1.8
                0x0000000000001668       0x92 C:/Users/Dell/ide-8.0-workspace/hw.x86_64/src/hardware/startup/boards/../../../../install/x86_64/usr/lib\libstartup.a(p2sb_misc.o)
 *fill*         0x00000000000016fa        0x6 
 .rodata.str1.8
                0x0000000000001700       0x59 C:/Users/Dell/ide-8.0-workspace/hw.x86_64/src/hardware/startup/boards/../../../../install/x86_64/usr/lib\libstartup.a(pci_known_devs_table.o)
 *fill*         0x0000000000001759        0x7 
 .rodata.str1.8
                0x0000000000001760       0x23 C:/Users/Dell/ide-8.0-workspace/hw.x86_64/src/hardware/startup/boards/../../../../install/x86_64/usr/lib\libstartup.a(pci_misc.o)
 *fill*         0x0000000000001783        0x5 
 .rodata.str1.8
                0x0000000000001788       0x61 C:/Users/Dell/ide-8.0-workspace/hw.x86_64/src/hardware/startup/boards/../../../../install/x86_64/usr/lib\libstartup.a(pci_read_cfg32.o)
 *fill*         0x00000000000017e9        0x7 
 .rodata.str1.8
                0x00000000000017f0       0x61 C:/Users/Dell/ide-8.0-workspace/hw.x86_64/src/hardware/startup/boards/../../../../install/x86_64/usr/lib\libstartup.a(pci_write_cfg32.o)
 *fill*         0x0000000000001851        0x7 
 .rodata.str1.8
                0x0000000000001858       0x24 C:/Users/Dell/ide-8.0-workspace/hw.x86_64/src/hardware/startup/boards/../../../../install/x86_64/usr/lib\libstartup.a(pcu_misc.o)
 *fill*         0x000000000000187c        0x4 
 .rodata.str1.8
                0x0000000000001880       0x22 C:/Users/Dell/ide-8.0-workspace/hw.x86_64/src/hardware/startup/boards/../../../../install/x86_64/usr/lib\libstartup.a(piix4_misc.o)
 *fill*         0x00000000000018a2        0x6 
 .rodata.str1.8
                0x00000000000018a8      0x324 C:/Users/Dell/ide-8.0-workspace/hw.x86_64/src/hardware/startup/boards/../../../../install/x86_64/usr/lib\libstartup.a(print_sysp.o)
 *fill*         0x0000000000001bcc        0x4 
 .rodata.str1.8
                0x0000000000001bd0       0xc1 C:/Users/Dell/ide-8.0-workspace/hw.x86_64/src/hardware/startup/boards/../../../../install/x86_64/usr/lib\libstartup.a(processor64.o)
 *fill*         0x0000000000001c91        0x7 
 .rodata.str1.8
                0x0000000000001c98       0xa9 C:/Users/Dell/ide-8.0-workspace/hw.x86_64/src/hardware/startup/boards/../../../../install/x86_64/usr/lib\libstartup.a(ram.o)
 *fill*         0x0000000000001d41        0x7 
 .rodata.str1.8
                0x0000000000001d48      0x2d1 C:/Users/Dell/ide-8.0-workspace/hw.x86_64/src/hardware/startup/boards/../../../../install/x86_64/usr/lib\libstartup.a(restore_ifs.o)
 *fill*         0x0000000000002019        0x7 
 .rodata.str1.8
                0x0000000000002020       0x47 C:/Users/Dell/ide-8.0-workspace/hw.x86_64/src/hardware/startup/boards/../../../../install/x86_64/usr/lib\libstartup.a(sbx00_misc.o)
 *fill*         0x0000000000002067        0x1 
 .rodata.str1.8
                0x0000000000002068       0x20 C:/Users/Dell/ide-8.0-workspace/hw.x86_64/src/hardware/startup/boards/../../../../install/x86_64/usr/lib\libstartup.a(sch_misc.o)
 .rodata.str1.8
                0x0000000000002088       0x29 C:/Users/Dell/ide-8.0-workspace/hw.x86_64/src/hardware/startup/boards/../../../../install/x86_64/usr/lib\libstartup.a(startnext.o)
 *fill*         0x00000000000020b1        0x7 
 .rodata.str1.8
                0x00000000000020b8       0x3b C:/Users/Dell/ide-8.0-workspace/hw.x86_64/src/hardware/startup/boards/../../../../install/x86_64/usr/lib\libstartup.a(syspage_memory.o)
 *fill*         0x00000000000020f3        0x5 
 .rodata.str1.8
                0x00000000000020f8      0x111 C:/Users/Dell/ide-8.0-workspace/hw.x86_64/src/hardware/startup/boards/../../../../install/x86_64/usr/lib\libstartup.a(uefi.o)
 *fill*         0x0000000000002209        0x7 
 .rodata.str1.8
                0x0000000000002210      0x1e3 C:/Users/Dell/ide-8.0-workspace/hw.x86_64/src/hardware/startup/boards/../../../../install/x86_64/usr/lib\libstartup.a(uefi_init.o)
 *fill*         0x00000000000023f3        0x5 
 .rodata.str1.8
                0x00000000000023f8       0x5c C:/Users/Dell/ide-8.0-workspace/hw.x86_64/src/hardware/startup/boards/../../../../install/x86_64/usr/lib\libstartup.a(acpi.o)
 *fill*         0x0000000000002454        0x4 
 .rodata.str1.8
                0x0000000000002458      0x1f5 C:/Users/Dell/ide-8.0-workspace/hw.x86_64/src/hardware/startup/boards/../../../../install/x86_64/usr/lib\libstartup.a(acpi_ioapic.o)
 *fill*         0x000000000000264d        0x3 
 .rodata.str1.8
                0x0000000000002650      0x229 C:/Users/Dell/ide-8.0-workspace/hw.x86_64/src/hardware/startup/boards/../../../../install/x86_64/usr/lib\libstartup.a(apic_io_intr.o)
 *fill*         0x0000000000002879        0x7 
 .rodata.str1.8
                0x0000000000002880      0x25b C:/Users/Dell/ide-8.0-workspace/hw.x86_64/src/hardware/startup/boards/../../../../install/x86_64/usr/lib\libstartup.a(apic_local_intr.o)
 *fill*         0x0000000000002adb        0x5 
 .rodata.str1.8
                0x0000000000002ae0       0x9a C:/Users/Dell/ide-8.0-workspace/hw.x86_64/src/hardware/startup/boards/../../../../install/x86_64/usr/lib\libstartup.a(apic_paddr.o)
 *fill*         0x0000000000002b7a        0x6 
 .rodata.str1.8
                0x0000000000002b80       0x2e C:/Users/Dell/ide-8.0-workspace/hw.x86_64/src/hardware/startup/boards/../../../../install/x86_64/usr/lib\libstartup.a(callouts.o)
 *fill*         0x0000000000002bae        0x2 
 .rodata.str1.8
                0x0000000000002bb0      0x109 C:/Users/Dell/ide-8.0-workspace/hw.x86_64/src/hardware/startup/boards/../../../../install/x86_64/usr/lib\libstartup.a(cpu_family_clock.o)
 *fill*         0x0000000000002cb9        0x7 
 .rodata.str1.8
                0x0000000000002cc0       0x33 C:/Users/Dell/ide-8.0-workspace/hw.x86_64/src/hardware/startup/boards/../../../../install/x86_64/usr/lib\libstartup.a(cpu_syspage_memory.o)
 *fill*         0x0000000000002cf3        0x5 
 .rodata.str1.8
                0x0000000000002cf8       0x27 C:/Users/Dell/ide-8.0-workspace/hw.x86_64/src/hardware/startup/boards/../../../../install/x86_64/usr/lib\libstartup.a(cpu_tweak_cmdline.o)
 *fill*         0x0000000000002d1f        0x1 
 .rodata.str1.8
                0x0000000000002d20       0x27 C:/Users/Dell/ide-8.0-workspace/hw.x86_64/src/hardware/startup/boards/../../../../install/x86_64/usr/lib\libstartup.a(elf_map.o)
 *fill*         0x0000000000002d47        0x1 
 .rodata.str1.8
                0x0000000000002d48       0xb9 C:/Users/Dell/ide-8.0-workspace/hw.x86_64/src/hardware/startup/boards/../../../../install/x86_64/usr/lib\libstartup.a(find_ecam_base.o)
 *fill*         0x0000000000002e01        0x7 
 .rodata.str1.8
                0x0000000000002e08       0xa9 C:/Users/Dell/ide-8.0-workspace/hw.x86_64/src/hardware/startup/boards/../../../../install/x86_64/usr/lib\libstartup.a(hv_guest.o)
 *fill*         0x0000000000002eb1        0x7 
 .rodata.str1.8
                0x0000000000002eb8       0x72 C:/Users/Dell/ide-8.0-workspace/hw.x86_64/src/hardware/startup/boards/../../../../install/x86_64/usr/lib\libstartup.a(hypervisor.o)
 *fill*         0x0000000000002f2a        0x6 
 .rodata.str1.8
                0x0000000000002f30       0x48 C:/Users/Dell/ide-8.0-workspace/hw.x86_64/src/hardware/startup/boards/../../../../install/x86_64/usr/lib\libstartup.a(ich_misc.o)
 .rodata.str1.8
                0x0000000000002f78       0x2b C:/Users/Dell/ide-8.0-workspace/hw.x86_64/src/hardware/startup/boards/../../../../install/x86_64/usr/lib\libstartup.a(imps.o)
 *fill*         0x0000000000002fa3        0x5 
 .rodata.str1.8
                0x0000000000002fa8      0x149 C:/Users/Dell/ide-8.0-workspace/hw.x86_64/src/hardware/startup/boards/../../../../install/x86_64/usr/lib\libstartup.a(imps_ioapic.o)
 *fill*         0x00000000000030f1        0x7 
 .rodata.str1.8
                0x00000000000030f8       0x24 C:/Users/Dell/ide-8.0-workspace/hw.x86_64/src/hardware/startup/boards/../../../../install/x86_64/usr/lib\libstartup.a(imps_smp.o)
 *fill*         0x000000000000311c        0x4 
 .rodata.str1.8
                0x0000000000003120      0x2e0 C:/Users/Dell/ide-8.0-workspace/hw.x86_64/src/hardware/startup/boards/../../../../install/x86_64/usr/lib\libstartup.a(ioapic_auto_config.o)
 .rodata.str1.8
                0x0000000000003400      0x14f C:/Users/Dell/ide-8.0-workspace/hw.x86_64/src/hardware/startup/boards/../../../../install/x86_64/usr/lib\libstartup.a(ioapic_default_configs.o)
 *fill*         0x000000000000354f        0x1 
 .rodata.str1.8
                0x0000000000003550       0x28 C:/Users/Dell/ide-8.0-workspace/hw.x86_64/src/hardware/startup/boards/../../../../install/x86_64/usr/lib\libstartup.a(timer_ns2tick.o)
 .rodata.str1.8
                0x0000000000003578       0xa1 C:/Users/Dell/ide-8.0-workspace/hw.x86_64/src/hardware/startup/boards/../../../../install/x86_64/usr/lib\libstartup.a(apic_smp.o)
 *fill*         0x0000000000003619        0x7 
 .rodata.str1.8
                0x0000000000003620       0x2c C:/Users/Dell/ide-8.0-workspace/hw.x86_64/src/hardware/startup/boards/../../../../install/x86_64/usr/lib\libstartup.a(calc_time_t.o)
 *fill*         0x000000000000364c        0x4 
 .rodata.str1.8
                0x0000000000003650       0x84 C:/Users/Dell/qnx800/target/qnx/x86_64/lib\libc.a(_ssp.o)

.rodata.str1.1  0x0000000000000000     0x1591
 .rodata.str1.1
                0x0000000000000000       0xba main.o
 .rodata.str1.1
                0x00000000000000ba       0x26 C:/Users/Dell/ide-8.0-workspace/hw.x86_64/src/hardware/startup/boards/../../../../install/x86_64/usr/lib\libstartup.a(_main.o)
 .rodata.str1.1
                0x00000000000000e0        0x1 C:/Users/Dell/ide-8.0-workspace/hw.x86_64/src/hardware/startup/boards/../../../../install/x86_64/usr/lib\libstartup.a(common_options.o)
 .rodata.str1.1
                0x00000000000000e1       0x18 C:/Users/Dell/ide-8.0-workspace/hw.x86_64/src/hardware/startup/boards/../../../../install/x86_64/usr/lib\libstartup.a(cpu_common_options.o)
 .rodata.str1.1
                0x00000000000000f9        0x3 C:/Users/Dell/ide-8.0-workspace/hw.x86_64/src/hardware/startup/boards/../../../../install/x86_64/usr/lib\libstartup.a(debug.o)
 .rodata.str1.1
                0x00000000000000fc       0x29 C:/Users/Dell/ide-8.0-workspace/hw.x86_64/src/hardware/startup/boards/../../../../install/x86_64/usr/lib\libstartup.a(hwi_add_nanospin.o)
 .rodata.str1.1
                0x0000000000000125        0x4 C:/Users/Dell/ide-8.0-workspace/hw.x86_64/src/hardware/startup/boards/../../../../install/x86_64/usr/lib\libstartup.a(hwi_alloc.o)
 .rodata.str1.1
                0x0000000000000129       0x35 C:/Users/Dell/ide-8.0-workspace/hw.x86_64/src/hardware/startup/boards/../../../../install/x86_64/usr/lib\libstartup.a(init_cpuinfo.o)
 .rodata.str1.1
                0x000000000000015e       0x9e C:/Users/Dell/ide-8.0-workspace/hw.x86_64/src/hardware/startup/boards/../../../../install/x86_64/usr/lib\libstartup.a(init_hwinfo.o)
 .rodata.str1.1
                0x00000000000001fc       0x93 C:/Users/Dell/ide-8.0-workspace/hw.x86_64/src/hardware/startup/boards/../../../../install/x86_64/usr/lib\libstartup.a(init_intrinfo.o)
 .rodata.str1.1
                0x000000000000028f       0x5d C:/Users/Dell/ide-8.0-workspace/hw.x86_64/src/hardware/startup/boards/../../../../install/x86_64/usr/lib\libstartup.a(init_intrinfo_msi.o)
 .rodata.str1.1
                0x00000000000002ec       0x27 C:/Users/Dell/ide-8.0-workspace/hw.x86_64/src/hardware/startup/boards/../../../../install/x86_64/usr/lib\libstartup.a(init_qtime.o)
 .rodata.str1.1
                0x0000000000000313       0x29 C:/Users/Dell/ide-8.0-workspace/hw.x86_64/src/hardware/startup/boards/../../../../install/x86_64/usr/lib\libstartup.a(init_qtime_hpet.o)
 .rodata.str1.1
                0x000000000000033c       0x4a C:/Users/Dell/ide-8.0-workspace/hw.x86_64/src/hardware/startup/boards/../../../../install/x86_64/usr/lib\libstartup.a(init_qtime_lapic.o)
 .rodata.str1.1
                0x0000000000000386       0x39 C:/Users/Dell/ide-8.0-workspace/hw.x86_64/src/hardware/startup/boards/../../../../install/x86_64/usr/lib\libstartup.a(init_raminfo_uefi.o)
 .rodata.str1.1
                0x00000000000003bf       0x65 C:/Users/Dell/ide-8.0-workspace/hw.x86_64/src/hardware/startup/boards/../../../../install/x86_64/usr/lib\libstartup.a(init_system_private.o)
 .rodata.str1.1
                0x0000000000000424       0x19 C:/Users/Dell/ide-8.0-workspace/hw.x86_64/src/hardware/startup/boards/../../../../install/x86_64/usr/lib\libstartup.a(invert_timer_freq.o)
 .rodata.str1.1
                0x000000000000043d       0x2d C:/Users/Dell/ide-8.0-workspace/hw.x86_64/src/hardware/startup/boards/../../../../install/x86_64/usr/lib\libstartup.a(ioapic.o)
 .rodata.str1.1
                0x000000000000046a       0x41 C:/Users/Dell/ide-8.0-workspace/hw.x86_64/src/hardware/startup/boards/../../../../install/x86_64/usr/lib\libstartup.a(ioapic_amd.o)
 .rodata.str1.1
                0x00000000000004ab       0x59 C:/Users/Dell/ide-8.0-workspace/hw.x86_64/src/hardware/startup/boards/../../../../install/x86_64/usr/lib\libstartup.a(ioapic_find.o)
 .rodata.str1.1
                0x0000000000000504       0x41 C:/Users/Dell/ide-8.0-workspace/hw.x86_64/src/hardware/startup/boards/../../../../install/x86_64/usr/lib\libstartup.a(ioapic_generic.o)
 .rodata.str1.1
                0x0000000000000545       0x58 C:/Users/Dell/ide-8.0-workspace/hw.x86_64/src/hardware/startup/boards/../../../../install/x86_64/usr/lib\libstartup.a(ioapic_ich.o)
 .rodata.str1.1
                0x000000000000059d       0x5e C:/Users/Dell/ide-8.0-workspace/hw.x86_64/src/hardware/startup/boards/../../../../install/x86_64/usr/lib\libstartup.a(ioapic_intsrc_disposition.o)
 .rodata.str1.1